Archive member included to satisfy reference by file (symbol)

c:/rppico~1/armcc/102021~1.10/bin/../lib/gcc/arm-none-eabi/10.3.1/thumb/v6-m/nofp\libgcc.a(_dvmd_tls.o)
                              CMakeFiles/myblinkkey.dir/C_/RPPicoSDK/sdk/pico/pico-sdk/src/rp2_common/pico_divider/divider.S.obj (__aeabi_idiv0)
c:/rppico~1/armcc/102021~1.10/bin/../lib/gcc/arm-none-eabi/10.3.1/../../../../arm-none-eabi/lib/thumb/v6-m/nofp\libc.a(lib_a-atoi.o)
                              CMakeFiles/myblinkkey.dir/rtc_datetime.c.obj (atoi)
c:/rppico~1/armcc/102021~1.10/bin/../lib/gcc/arm-none-eabi/10.3.1/../../../../arm-none-eabi/lib/thumb/v6-m/nofp\libc.a(lib_a-calloc.o)
                              CMakeFiles/myblinkkey.dir/C_/RPPicoSDK/sdk/pico/pico-sdk/src/rp2_common/pico_malloc/pico_malloc.c.obj (calloc)
c:/rppico~1/armcc/102021~1.10/bin/../lib/gcc/arm-none-eabi/10.3.1/../../../../arm-none-eabi/lib/thumb/v6-m/nofp\libc.a(lib_a-callocr.o)
                              c:/rppico~1/armcc/102021~1.10/bin/../lib/gcc/arm-none-eabi/10.3.1/../../../../arm-none-eabi/lib/thumb/v6-m/nofp\libc.a(lib_a-calloc.o) (_calloc_r)
c:/rppico~1/armcc/102021~1.10/bin/../lib/gcc/arm-none-eabi/10.3.1/../../../../arm-none-eabi/lib/thumb/v6-m/nofp\libc.a(lib_a-errno.o)
                              c:/rppico~1/armcc/102021~1.10/bin/../lib/gcc/arm-none-eabi/10.3.1/../../../../arm-none-eabi/lib/thumb/v6-m/nofp\libc.a(lib_a-callocr.o) (__errno)
c:/rppico~1/armcc/102021~1.10/bin/../lib/gcc/arm-none-eabi/10.3.1/../../../../arm-none-eabi/lib/thumb/v6-m/nofp\libc.a(lib_a-impure.o)
                              c:/rppico~1/armcc/102021~1.10/bin/../lib/gcc/arm-none-eabi/10.3.1/../../../../arm-none-eabi/lib/thumb/v6-m/nofp\libc.a(lib_a-calloc.o) (_impure_ptr)
c:/rppico~1/armcc/102021~1.10/bin/../lib/gcc/arm-none-eabi/10.3.1/../../../../arm-none-eabi/lib/thumb/v6-m/nofp\libc.a(lib_a-init.o)
                              c:/rppico~1/armcc/102021~1.10/bin/../lib/gcc/arm-none-eabi/10.3.1/../../../../arm-none-eabi/lib/thumb/v6-m/nofp/crt0.o (__libc_init_array)
c:/rppico~1/armcc/102021~1.10/bin/../lib/gcc/arm-none-eabi/10.3.1/../../../../arm-none-eabi/lib/thumb/v6-m/nofp\libc.a(lib_a-itoa.o)
                              CMakeFiles/myblinkkey.dir/rtc_datetime.c.obj (itoa)
c:/rppico~1/armcc/102021~1.10/bin/../lib/gcc/arm-none-eabi/10.3.1/../../../../arm-none-eabi/lib/thumb/v6-m/nofp\libc.a(lib_a-malloc.o)
                              CMakeFiles/myblinkkey.dir/C_/RPPicoSDK/sdk/pico/pico-sdk/src/rp2_common/pico_malloc/pico_malloc.c.obj (malloc)
c:/rppico~1/armcc/102021~1.10/bin/../lib/gcc/arm-none-eabi/10.3.1/../../../../arm-none-eabi/lib/thumb/v6-m/nofp\libc.a(lib_a-mallocr.o)
                              c:/rppico~1/armcc/102021~1.10/bin/../lib/gcc/arm-none-eabi/10.3.1/../../../../arm-none-eabi/lib/thumb/v6-m/nofp\libc.a(lib_a-callocr.o) (_malloc_r)
c:/rppico~1/armcc/102021~1.10/bin/../lib/gcc/arm-none-eabi/10.3.1/../../../../arm-none-eabi/lib/thumb/v6-m/nofp\libc.a(lib_a-mlock.o)
                              c:/rppico~1/armcc/102021~1.10/bin/../lib/gcc/arm-none-eabi/10.3.1/../../../../arm-none-eabi/lib/thumb/v6-m/nofp\libc.a(lib_a-mallocr.o) (__malloc_lock)
c:/rppico~1/armcc/102021~1.10/bin/../lib/gcc/arm-none-eabi/10.3.1/../../../../arm-none-eabi/lib/thumb/v6-m/nofp\libc.a(lib_a-sbrkr.o)
                              c:/rppico~1/armcc/102021~1.10/bin/../lib/gcc/arm-none-eabi/10.3.1/../../../../arm-none-eabi/lib/thumb/v6-m/nofp\libc.a(lib_a-mallocr.o) (_sbrk_r)
c:/rppico~1/armcc/102021~1.10/bin/../lib/gcc/arm-none-eabi/10.3.1/../../../../arm-none-eabi/lib/thumb/v6-m/nofp\libc.a(lib_a-stpcpy.o)
                              CMakeFiles/myblinkkey.dir/rtc_datetime.c.obj (stpcpy)
c:/rppico~1/armcc/102021~1.10/bin/../lib/gcc/arm-none-eabi/10.3.1/../../../../arm-none-eabi/lib/thumb/v6-m/nofp\libc.a(lib_a-strcat.o)
                              CMakeFiles/myblinkkey.dir/rtc_datetime.c.obj (strcat)
c:/rppico~1/armcc/102021~1.10/bin/../lib/gcc/arm-none-eabi/10.3.1/../../../../arm-none-eabi/lib/thumb/v6-m/nofp\libc.a(lib_a-strcpy.o)
                              c:/rppico~1/armcc/102021~1.10/bin/../lib/gcc/arm-none-eabi/10.3.1/../../../../arm-none-eabi/lib/thumb/v6-m/nofp\libc.a(lib_a-strcat.o) (strcpy)
c:/rppico~1/armcc/102021~1.10/bin/../lib/gcc/arm-none-eabi/10.3.1/../../../../arm-none-eabi/lib/thumb/v6-m/nofp\libc.a(lib_a-strlen-stub.o)
                              CMakeFiles/myblinkkey.dir/main.c.obj (strlen)
c:/rppico~1/armcc/102021~1.10/bin/../lib/gcc/arm-none-eabi/10.3.1/../../../../arm-none-eabi/lib/thumb/v6-m/nofp\libc.a(lib_a-strncpy.o)
                              CMakeFiles/myblinkkey.dir/main.c.obj (strncpy)
c:/rppico~1/armcc/102021~1.10/bin/../lib/gcc/arm-none-eabi/10.3.1/../../../../arm-none-eabi/lib/thumb/v6-m/nofp\libc.a(lib_a-strtol.o)
                              c:/rppico~1/armcc/102021~1.10/bin/../lib/gcc/arm-none-eabi/10.3.1/../../../../arm-none-eabi/lib/thumb/v6-m/nofp\libc.a(lib_a-atoi.o) (_strtol_r)
[...]
Memory Configuration

Name             Origin             Length             Attributes
FLASH            0x10000000         0x00200000         xr
RAM              0x20000000         0x00040000         xrw
SCRATCH_X        0x20040000         0x00001000         xrw
SCRATCH_Y        0x20041000         0x00001000         xrw
*default*        0x00000000         0xffffffff

Linker script and memory map

LOAD c:/rppico~1/armcc/102021~1.10/bin/../lib/gcc/arm-none-eabi/10.3.1/thumb/v6-m/nofp/crti.o
LOAD c:/rppico~1/armcc/102021~1.10/bin/../lib/gcc/arm-none-eabi/10.3.1/thumb/v6-m/nofp/crtbegin.o
LOAD c:/rppico~1/armcc/102021~1.10/bin/../lib/gcc/arm-none-eabi/10.3.1/../../../../arm-none-eabi/lib/thumb/v6-m/nofp/crt0.o

.flash_begin    0x10000000        0x0
                0x10000000                __flash_binary_start = .

.boot2          0x10000000      0x100
                0x10000000                __boot2_start__ = .
 *(.boot2)
 .boot2         0x10000000      0x100 C:\Users\Maycol\AppData\Local\Temp\ccQlvEHI.o
                0x10000100                __boot2_end__ = .
                0x00000001                ASSERT (((__boot2_end__ - __boot2_start__) == 0x100), ERROR: Pico second stage bootloader must be 256 bytes in size)

.text           0x10000100     0x8bf8
                0x10000100                __logical_binary_start = .
 *(.vectors)
 .vectors       0x10000100       0xd4 CMakeFiles/myblinkkey.dir/C_/RPPicoSDK/sdk/pico/pico-sdk/src/rp2_common/pico_standard_link/crt0.S.obj
                0x10000100                __VECTOR_TABLE
                0x10000100                __vectors
                0x100001c0                isr_invalid
                0x100001c0                __default_isrs_start
                0x100001c2                isr_nmi
                0x100001c4                isr_hardfault
                0x100001c6                isr_svcall
                0x100001c8                isr_pendsv
                0x100001ca                isr_systick
                0x100001cc                isr_irq23
                0x100001cc                isr_irq18
                0x100001cc                isr_irq11
                0x100001cc                isr_irq28
                0x100001cc                isr_irq19
                0x100001cc                isr_irq0
                0x100001cc                isr_irq6
                0x100001cc                isr_irq5
                0x100001cc                isr_irq12
                0x100001cc                isr_irq22
                0x100001cc                isr_irq31
                0x100001cc                isr_irq17
                0x100001cc                isr_irq27
                0x100001cc                isr_irq30
                0x100001cc                isr_irq2
                0x100001cc                isr_irq10
                0x100001cc                isr_irq8
                0x100001cc                isr_irq24
                0x100001cc                isr_irq1
                0x100001cc                isr_irq7
                0x100001cc                isr_irq21
                0x100001cc                isr_irq20
                0x100001cc                isr_irq15
                0x100001cc                isr_irq25
                0x100001cc                isr_irq13
                0x100001cc                __unhandled_user_irq
                0x100001cc                isr_irq4
                0x100001cc                isr_irq16
                0x100001cc                isr_irq29
                0x100001cc                isr_irq26
                0x100001cc                __default_isrs_end
                0x100001cc                isr_irq3
                0x100001cc                isr_irq14
                0x100001cc                isr_irq9
                0x100001d2                unhandled_user_irq_num_in_r0
 *(.binary_info_header)
 .binary_info_header
                0x100001d4       0x14 CMakeFiles/myblinkkey.dir/C_/RPPicoSDK/sdk/pico/pico-sdk/src/rp2_common/pico_standard_link/crt0.S.obj
                0x100001e8                __binary_info_header_end = .
 *(.reset)
 .reset         0x100001e8       0xa8 CMakeFiles/myblinkkey.dir/C_/RPPicoSDK/sdk/pico/pico-sdk/src/rp2_common/pico_standard_link/crt0.S.obj
                0x100001e8                _entry_point
                0x10000266                __get_current_exception
 .reset         0x10000290       0x30 CMakeFiles/myblinkkey.dir/C_/RPPicoSDK/sdk/pico/pico-sdk/src/rp2_common/pico_standard_link/binary_info.c.obj
 *(.init)
 .init          0x100002c0        0x4 c:/rppico~1/armcc/102021~1.10/bin/../lib/gcc/arm-none-eabi/10.3.1/thumb/v6-m/nofp/crti.o
                0x100002c0                _init
 *(EXCLUDE_FILE(*libm.a: *libc.a:*lib_a-mem*.o *libgcc.a:) .text*)
 .text          0x100002c4       0x48 c:/rppico~1/armcc/102021~1.10/bin/../lib/gcc/arm-none-eabi/10.3.1/thumb/v6-m/nofp/crtbegin.o
 .text.startup.main
                0x1000030c      0x4bc CMakeFiles/myblinkkey.dir/main.c.obj
                0x1000030c                main
 .text.gpio_callback
                0x100007c8       0x14 CMakeFiles/myblinkkey.dir/KeyMatrix.c.obj
                0x100007c8                gpio_callback
 .text.keyMatrixInit
                0x100007dc       0x74 CMakeFiles/myblinkkey.dir/KeyMatrix.c.obj
                0x100007dc                keyMatrixInit
 .text.keyMatrixRead
                0x10000850      0x208 CMakeFiles/myblinkkey.dir/KeyMatrix.c.obj
                0x10000850                keyMatrixRead
 .text.timer_callback
                0x10000a58       0x10 CMakeFiles/myblinkkey.dir/timer.c.obj
                0x10000a58                timer_callback
 .text.TimerInit
                0x10000a68       0x58 CMakeFiles/myblinkkey.dir/timer.c.obj
                0x10000a68                TimerInit
 .text.CmdWrite8
                0x10000ac0      0x164 CMakeFiles/myblinkkey.dir/lcd.c.obj
                0x10000ac0                CmdWrite8
 .text.DataWrite
                0x10000c24      0x168 CMakeFiles/myblinkkey.dir/lcd.c.obj
                0x10000c24                DataWrite
 .text.LCDInit  0x10000d8c      0x158 CMakeFiles/myblinkkey.dir/lcd.c.obj
                0x10000d8c                LCDInit
 .text.Clear    0x10000ee4       0xa0 CMakeFiles/myblinkkey.dir/lcd.c.obj
                0x10000ee4                Clear
 .text.cursorOn
                0x10000f84       0xa0 CMakeFiles/myblinkkey.dir/lcd.c.obj
                0x10000f84                cursorOn
 .text.cursorOff
                0x10001024       0xa0 CMakeFiles/myblinkkey.dir/lcd.c.obj
                0x10001024                cursorOff
 .text.returnHome
                0x100010c4       0xa0 CMakeFiles/myblinkkey.dir/lcd.c.obj
                0x100010c4                returnHome
 .text.setCursor
                0x10001164       0x24 CMakeFiles/myblinkkey.dir/lcd.c.obj
                0x10001164                setCursor
 .text.scrollDisplayLeft
                0x10001188       0xa0 CMakeFiles/myblinkkey.dir/lcd.c.obj
                0x10001188                scrollDisplayLeft
 .text.WriteMessage
                0x10001228       0x1c CMakeFiles/myblinkkey.dir/lcd.c.obj
                0x10001228                WriteMessage
 .text.rtc_callback
                0x10001244        0xc CMakeFiles/myblinkkey.dir/rtc_datetime.c.obj
                0x10001244                rtc_callback
 .text.rtc_datetimeInit
                0x10001250       0x24 CMakeFiles/myblinkkey.dir/rtc_datetime.c.obj
                0x10001250                rtc_datetimeInit
 .text.rtc_datetimeSet
                0x10001274      0x13c CMakeFiles/myblinkkey.dir/rtc_datetime.c.obj
                0x10001274                rtc_datetimeSet
 .text.Weekday  0x100013b0       0x80 CMakeFiles/myblinkkey.dir/rtc_datetime.c.obj
                0x100013b0                Weekday
 .text.rtc_datetimeGet
                0x10001430      0x138 CMakeFiles/myblinkkey.dir/rtc_datetime.c.obj
                0x10001430                rtc_datetimeGet
 .text.assingDay
                0x10001568       0x54 CMakeFiles/myblinkkey.dir/rtc_datetime.c.obj
                0x10001568                assingDay
 .text.rtc_datetimeGetAlarm
                0x100015bc      0x134 CMakeFiles/myblinkkey.dir/rtc_datetime.c.obj
                0x100015bc                rtc_datetimeGetAlarm
 .text.rtc_datetimeSetAlarm
                0x100016f0      0x140 CMakeFiles/myblinkkey.dir/rtc_datetime.c.obj
                0x100016f0                rtc_datetimeSetAlarm
 .text.gpio_irq_handler
                0x10001830       0x7c CMakeFiles/myblinkkey.dir/C_/RPPicoSDK/sdk/pico/pico-sdk/src/rp2_common/hardware_gpio/gpio.c.obj
 .text.gpio_set_pulls
                0x100018ac       0x30 CMakeFiles/myblinkkey.dir/C_/RPPicoSDK/sdk/pico/pico-sdk/src/rp2_common/hardware_gpio/gpio.c.obj
                0x100018ac                gpio_set_pulls
 .text.gpio_set_irq_enabled_with_callback
                0x100018dc       0x78 CMakeFiles/myblinkkey.dir/C_/RPPicoSDK/sdk/pico/pico-sdk/src/rp2_common/hardware_gpio/gpio.c.obj
                0x100018dc                gpio_set_irq_enabled_with_callback
 .text.gpio_init
                0x10001954       0x3c CMakeFiles/myblinkkey.dir/C_/RPPicoSDK/sdk/pico/pico-sdk/src/rp2_common/hardware_gpio/gpio.c.obj
                0x10001954                gpio_init
 .text.hw_claim_or_assert
                0x10001990       0x44 CMakeFiles/myblinkkey.dir/C_/RPPicoSDK/sdk/pico/pico-sdk/src/rp2_common/hardware_claim/claim.c.obj
                0x10001990                hw_claim_or_assert
 .text.hw_claim_unused_from_range
                0x100019d4       0x9c CMakeFiles/myblinkkey.dir/C_/RPPicoSDK/sdk/pico/pico-sdk/src/rp2_common/hardware_claim/claim.c.obj
                0x100019d4                hw_claim_unused_from_range
 .text.running_on_fpga
                0x10001a70       0x10 CMakeFiles/myblinkkey.dir/C_/RPPicoSDK/sdk/pico/pico-sdk/src/rp2_common/pico_platform/platform.c.obj
                0x10001a70                running_on_fpga
 .text.spin_locks_reset
                0x10001a80       0x1c CMakeFiles/myblinkkey.dir/C_/RPPicoSDK/sdk/pico/pico-sdk/src/rp2_common/hardware_sync/sync.c.obj
                0x10001a80                spin_locks_reset
 .text.next_striped_spin_lock_num
                0x10001a9c       0x18 CMakeFiles/myblinkkey.dir/C_/RPPicoSDK/sdk/pico/pico-sdk/src/rp2_common/hardware_sync/sync.c.obj
                0x10001a9c                next_striped_spin_lock_num
 .text.spin_lock_claim_unused
                0x10001ab4       0x20 CMakeFiles/myblinkkey.dir/C_/RPPicoSDK/sdk/pico/pico-sdk/src/rp2_common/hardware_sync/sync.c.obj
                0x10001ab4                spin_lock_claim_unused
 .text.timer_pool_entry_comparator
                0x10001ad4       0x34 CMakeFiles/myblinkkey.dir/C_/RPPicoSDK/sdk/pico/pico-sdk/src/common/pico_time/time.c.obj
                0x10001ad4                timer_pool_entry_comparator
 .text.repeating_timer_callback
                0x10001b08       0x1c CMakeFiles/myblinkkey.dir/C_/RPPicoSDK/sdk/pico/pico-sdk/src/common/pico_time/time.c.obj
 .text.sleep_until_callback
                0x10001b24       0x30 CMakeFiles/myblinkkey.dir/C_/RPPicoSDK/sdk/pico/pico-sdk/src/common/pico_time/time.c.obj
 .text.add_alarm_under_lock.isra.0
                0x10001b54      0x100 CMakeFiles/myblinkkey.dir/C_/RPPicoSDK/sdk/pico/pico-sdk/src/common/pico_time/time.c.obj
 .text.alarm_pool_alarm_callback
                0x10001c54      0x1c8 CMakeFiles/myblinkkey.dir/C_/RPPicoSDK/sdk/pico/pico-sdk/src/common/pico_time/time.c.obj
 .text.alarm_pool_add_alarm_at.constprop.0
                0x10001e1c      0x11c CMakeFiles/myblinkkey.dir/C_/RPPicoSDK/sdk/pico/pico-sdk/src/common/pico_time/time.c.obj
 .text.alarm_pool_init_default
                0x10001f38       0x64 CMakeFiles/myblinkkey.dir/C_/RPPicoSDK/sdk/pico/pico-sdk/src/common/pico_time/time.c.obj
                0x10001f38                alarm_pool_init_default
 .text.alarm_pool_get_default
                0x10001f9c        0x8 CMakeFiles/myblinkkey.dir/C_/RPPicoSDK/sdk/pico/pico-sdk/src/common/pico_time/time.c.obj
                0x10001f9c                alarm_pool_get_default
 .text.alarm_pool_add_alarm_at
                0x10001fa4      0x194 CMakeFiles/myblinkkey.dir/C_/RPPicoSDK/sdk/pico/pico-sdk/src/common/pico_time/time.c.obj
                0x10001fa4                alarm_pool_add_alarm_at
 .text.alarm_pool_add_repeating_timer_us
                0x10002138      0x22c CMakeFiles/myblinkkey.dir/C_/RPPicoSDK/sdk/pico/pico-sdk/src/common/pico_time/time.c.obj
                0x10002138                alarm_pool_add_repeating_timer_us
 .text.sleep_until
                0x10002364       0xac CMakeFiles/myblinkkey.dir/C_/RPPicoSDK/sdk/pico/pico-sdk/src/common/pico_time/time.c.obj
                0x10002364                sleep_until
 .text.sleep_us
                0x10002410       0x30 CMakeFiles/myblinkkey.dir/C_/RPPicoSDK/sdk/pico/pico-sdk/src/common/pico_time/time.c.obj
                0x10002410                sleep_us
 .text.sleep_ms
                0x10002440       0x38 CMakeFiles/myblinkkey.dir/C_/RPPicoSDK/sdk/pico/pico-sdk/src/common/pico_time/time.c.obj
                0x10002440                sleep_ms
 .text.best_effort_wfe_or_timeout
                0x10002478       0xd4 CMakeFiles/myblinkkey.dir/C_/RPPicoSDK/sdk/pico/pico-sdk/src/common/pico_time/time.c.obj
                0x10002478                best_effort_wfe_or_timeout
 .text.hardware_alarm_irq_handler
                0x1000254c       0xb8 CMakeFiles/myblinkkey.dir/C_/RPPicoSDK/sdk/pico/pico-sdk/src/rp2_common/hardware_timer/timer.c.obj
 .text.hardware_alarm_claim
                0x10002604       0x18 CMakeFiles/myblinkkey.dir/C_/RPPicoSDK/sdk/pico/pico-sdk/src/rp2_common/hardware_timer/timer.c.obj
                0x10002604                hardware_alarm_claim
 .text.time_us_64
                0x1000261c       0x14 CMakeFiles/myblinkkey.dir/C_/RPPicoSDK/sdk/pico/pico-sdk/src/rp2_common/hardware_timer/timer.c.obj
                0x1000261c                time_us_64
 .text.busy_wait_until
                0x10002630       0x20 CMakeFiles/myblinkkey.dir/C_/RPPicoSDK/sdk/pico/pico-sdk/src/rp2_common/hardware_timer/timer.c.obj
                0x10002630                busy_wait_until
 .text.hardware_alarm_set_callback
                0x10002650       0x8c CMakeFiles/myblinkkey.dir/C_/RPPicoSDK/sdk/pico/pico-sdk/src/rp2_common/hardware_timer/timer.c.obj
                0x10002650                hardware_alarm_set_callback
 .text.hardware_alarm_set_target
                0x100026dc       0xe0 CMakeFiles/myblinkkey.dir/C_/RPPicoSDK/sdk/pico/pico-sdk/src/rp2_common/hardware_timer/timer.c.obj
                0x100026dc                hardware_alarm_set_target
 .text.hardware_alarm_cancel
                0x100027bc       0x3c CMakeFiles/myblinkkey.dir/C_/RPPicoSDK/sdk/pico/pico-sdk/src/rp2_common/hardware_timer/timer.c.obj
                0x100027bc                hardware_alarm_cancel
 .text.lock_init
                0x100027f8       0x10 CMakeFiles/myblinkkey.dir/C_/RPPicoSDK/sdk/pico/pico-sdk/src/common/pico_sync/lock_core.c.obj
                0x100027f8                lock_init
 .text.mutex_init
                0x10002808       0x1c CMakeFiles/myblinkkey.dir/C_/RPPicoSDK/sdk/pico/pico-sdk/src/common/pico_sync/mutex.c.obj
                0x10002808                mutex_init
 .text.recursive_mutex_init
                0x10002824       0x1c CMakeFiles/myblinkkey.dir/C_/RPPicoSDK/sdk/pico/pico-sdk/src/common/pico_sync/mutex.c.obj
                0x10002824                recursive_mutex_init
 .text.critical_section_init
                0x10002840       0x20 CMakeFiles/myblinkkey.dir/C_/RPPicoSDK/sdk/pico/pico-sdk/src/common/pico_sync/critical_section.c.obj
                0x10002840                critical_section_init
 .text.ph_merge_nodes
                0x10002860       0x68 CMakeFiles/myblinkkey.dir/C_/RPPicoSDK/sdk/pico/pico-sdk/src/common/pico_util/pheap.c.obj
 .text.ph_post_alloc_init
                0x100028c8       0x3c CMakeFiles/myblinkkey.dir/C_/RPPicoSDK/sdk/pico/pico-sdk/src/common/pico_util/pheap.c.obj
                0x100028c8                ph_post_alloc_init
 .text.ph_merge_two_pass
                0x10002904       0x90 CMakeFiles/myblinkkey.dir/C_/RPPicoSDK/sdk/pico/pico-sdk/src/common/pico_util/pheap.c.obj
                0x10002904                ph_merge_two_pass
 .text.ph_remove_any_head
                0x10002994       0xf8 CMakeFiles/myblinkkey.dir/C_/RPPicoSDK/sdk/pico/pico-sdk/src/common/pico_util/pheap.c.obj
 .text.ph_remove_head
                0x10002a8c       0xfc CMakeFiles/myblinkkey.dir/C_/RPPicoSDK/sdk/pico/pico-sdk/src/common/pico_util/pheap.c.obj
                0x10002a8c                ph_remove_head
 .text.ph_remove_and_free_node
                0x10002b88       0x7c CMakeFiles/myblinkkey.dir/C_/RPPicoSDK/sdk/pico/pico-sdk/src/common/pico_util/pheap.c.obj
                0x10002b88                ph_remove_and_free_node
 .text.runtime_init
                0x10002c04       0xf0 CMakeFiles/myblinkkey.dir/C_/RPPicoSDK/sdk/pico/pico-sdk/src/rp2_common/pico_runtime/runtime.c.obj
                0x10002c04                runtime_init
 .text.exit     0x10002cf4        0x4 CMakeFiles/myblinkkey.dir/C_/RPPicoSDK/sdk/pico/pico-sdk/src/rp2_common/pico_runtime/runtime.c.obj
                0x10002cf4                exit
 .text.panic    0x10002cf8       0x30 CMakeFiles/myblinkkey.dir/C_/RPPicoSDK/sdk/pico/pico-sdk/src/rp2_common/pico_runtime/runtime.c.obj
                0x10002cf8                panic
 .text.hard_assertion_failure
                0x10002d28        0xc CMakeFiles/myblinkkey.dir/C_/RPPicoSDK/sdk/pico/pico-sdk/src/rp2_common/pico_runtime/runtime.c.obj
                0x10002d28                hard_assertion_failure
 .text.clocks_init
                0x10002d34      0x2bc CMakeFiles/myblinkkey.dir/C_/RPPicoSDK/sdk/pico/pico-sdk/src/rp2_common/hardware_clocks/clocks.c.obj
                0x10002d34                clocks_init
 .text.clock_get_hz
                0x10002ff0        0xc CMakeFiles/myblinkkey.dir/C_/RPPicoSDK/sdk/pico/pico-sdk/src/rp2_common/hardware_clocks/clocks.c.obj
                0x10002ff0                clock_get_hz
 .text.irq_set_enabled
                0x10002ffc       0x24 CMakeFiles/myblinkkey.dir/C_/RPPicoSDK/sdk/pico/pico-sdk/src/rp2_common/hardware_irq/irq.c.obj
                0x10002ffc                irq_set_enabled
 .text.irq_set_pending
                0x10003020       0x10 CMakeFiles/myblinkkey.dir/C_/RPPicoSDK/sdk/pico/pico-sdk/src/rp2_common/hardware_irq/irq.c.obj
                0x10003020                irq_set_pending
 .text.irq_get_vtable_handler
                0x10003030       0x10 CMakeFiles/myblinkkey.dir/C_/RPPicoSDK/sdk/pico/pico-sdk/src/rp2_common/hardware_irq/irq.c.obj
                0x10003030                irq_get_vtable_handler
 .text.irq_set_exclusive_handler
                0x10003040       0x54 CMakeFiles/myblinkkey.dir/C_/RPPicoSDK/sdk/pico/pico-sdk/src/rp2_common/hardware_irq/irq.c.obj
                0x10003040                irq_set_exclusive_handler
 .text.irq_remove_handler
                0x10003094      0x1b4 CMakeFiles/myblinkkey.dir/C_/RPPicoSDK/sdk/pico/pico-sdk/src/rp2_common/hardware_irq/irq.c.obj
                0x10003094                irq_remove_handler
 .text.irq_add_tail_to_free_list
                0x10003248       0xb4 CMakeFiles/myblinkkey.dir/C_/RPPicoSDK/sdk/pico/pico-sdk/src/rp2_common/hardware_irq/irq.c.obj
                0x10003248                irq_add_tail_to_free_list
 .text.irq_init_priorities
                0x100032fc       0x24 CMakeFiles/myblinkkey.dir/C_/RPPicoSDK/sdk/pico/pico-sdk/src/rp2_common/hardware_irq/irq.c.obj
                0x100032fc                irq_init_priorities
 .text.pll_init
                0x10003320       0xa8 CMakeFiles/myblinkkey.dir/C_/RPPicoSDK/sdk/pico/pico-sdk/src/rp2_common/hardware_pll/pll.c.obj
                0x10003320                pll_init
 .text.watchdog_start_tick
                0x100033c8       0x10 CMakeFiles/myblinkkey.dir/C_/RPPicoSDK/sdk/pico/pico-sdk/src/rp2_common/hardware_watchdog/watchdog.c.obj
                0x100033c8                watchdog_start_tick
 .text.watchdog_reboot
                0x100033d8       0x98 CMakeFiles/myblinkkey.dir/C_/RPPicoSDK/sdk/pico/pico-sdk/src/rp2_common/hardware_watchdog/watchdog.c.obj
                0x100033d8                watchdog_reboot
 .text.xosc_init
                0x10003470       0x28 CMakeFiles/myblinkkey.dir/C_/RPPicoSDK/sdk/pico/pico-sdk/src/rp2_common/hardware_xosc/xosc.c.obj
                0x10003470                xosc_init
 .text._out_null
                0x10003498        0x4 CMakeFiles/myblinkkey.dir/C_/RPPicoSDK/sdk/pico/pico-sdk/src/rp2_common/pico_printf/printf.c.obj
 .text._out_rev
                0x1000349c       0x9c CMakeFiles/myblinkkey.dir/C_/RPPicoSDK/sdk/pico/pico-sdk/src/rp2_common/pico_printf/printf.c.obj
 .text._ntoa_format
                0x10003538      0x1cc CMakeFiles/myblinkkey.dir/C_/RPPicoSDK/sdk/pico/pico-sdk/src/rp2_common/pico_printf/printf.c.obj
 .text._out_char
                0x10003704       0x10 CMakeFiles/myblinkkey.dir/C_/RPPicoSDK/sdk/pico/pico-sdk/src/rp2_common/pico_printf/printf.c.obj
 .text._out_fct
                0x10003714       0x10 CMakeFiles/myblinkkey.dir/C_/RPPicoSDK/sdk/pico/pico-sdk/src/rp2_common/pico_printf/printf.c.obj
 .text._etoa    0x10003724      0x44c CMakeFiles/myblinkkey.dir/C_/RPPicoSDK/sdk/pico/pico-sdk/src/rp2_common/pico_printf/printf.c.obj
 .text._ftoa    0x10003b70      0x398 CMakeFiles/myblinkkey.dir/C_/RPPicoSDK/sdk/pico/pico-sdk/src/rp2_common/pico_printf/printf.c.obj
 .text._vsnprintf
                0x10003f08      0xb04 CMakeFiles/myblinkkey.dir/C_/RPPicoSDK/sdk/pico/pico-sdk/src/rp2_common/pico_printf/printf.c.obj
 .text.vfctprintf
                0x10004a0c       0x20 CMakeFiles/myblinkkey.dir/C_/RPPicoSDK/sdk/pico/pico-sdk/src/rp2_common/pico_printf/printf.c.obj
                0x10004a0c                vfctprintf
 .text.weak_raw_vprintf
                0x10004a2c       0x30 CMakeFiles/myblinkkey.dir/C_/RPPicoSDK/sdk/pico/pico-sdk/src/rp2_common/pico_printf/printf.c.obj
                0x10004a2c                weak_raw_vprintf
 .text          0x10004a5c       0x10 CMakeFiles/myblinkkey.dir/C_/RPPicoSDK/sdk/pico/pico-sdk/src/rp2_common/pico_bit_ops/bit_ops_aeabi.S.obj
 .text.rom_func_lookup
                0x10004a6c       0x10 CMakeFiles/myblinkkey.dir/C_/RPPicoSDK/sdk/pico/pico-sdk/src/rp2_common/pico_bootrom/bootrom.c.obj
                0x10004a6c                rom_func_lookup
 .text.rom_data_lookup
                0x10004a7c       0x10 CMakeFiles/myblinkkey.dir/C_/RPPicoSDK/sdk/pico/pico-sdk/src/rp2_common/pico_bootrom/bootrom.c.obj
                0x10004a7c                rom_data_lookup
 .text.rom_funcs_lookup
                0x10004a8c       0x44 CMakeFiles/myblinkkey.dir/C_/RPPicoSDK/sdk/pico/pico-sdk/src/rp2_common/pico_bootrom/bootrom.c.obj
                0x10004a8c                rom_funcs_lookup
 .text.__wrap___aeabi_idiv
                0x10004ad0       0x50 CMakeFiles/myblinkkey.dir/C_/RPPicoSDK/sdk/pico/pico-sdk/src/rp2_common/pico_divider/divider.S.obj
                0x10004ad0                __wrap___aeabi_idivmod
                0x10004ad0                divmod_s32s32
                0x10004ad0                div_s32s32
                0x10004ad0                __wrap___aeabi_idiv
                0x10004ad8                divmod_s32s32_unsafe
                0x10004b04                divmod_s32s32_savestate
 .text.__wrap___aeabi_uidiv
                0x10004b20       0x4c CMakeFiles/myblinkkey.dir/C_/RPPicoSDK/sdk/pico/pico-sdk/src/rp2_common/pico_divider/divider.S.obj
                0x10004b20                __wrap___aeabi_uidiv
                0x10004b20                __wrap___aeabi_uidivmod
                0x10004b20                div_u32u32
                0x10004b20                divmod_u32u32
                0x10004b28                divmod_u32u32_unsafe
                0x10004b50                divmod_u32u32_savestate
 .text.__wrap___aeabi_ldiv
                0x10004b6c      0x434 CMakeFiles/myblinkkey.dir/C_/RPPicoSDK/sdk/pico/pico-sdk/src/rp2_common/pico_divider/divider.S.obj
                0x10004b6c                div_s64s64
                0x10004b6c                divmod_s64s64
                0x10004b6c                __wrap___aeabi_ldivmod
                0x10004ba4                divmod_u64u64
                0x10004ba4                div_u64u64
                0x10004ba4                __wrap___aeabi_uldivmod
                0x10004bb4                divmod_u64u64_savestate
                0x10004bdc                divmod_s64s64_unsafe
                0x10004c64                divmod_u64u64_unsafe
 .text.__wrap___aeabi_darithmetic
                0x10004fa0       0x80 CMakeFiles/myblinkkey.dir/C_/RPPicoSDK/sdk/pico/pico-sdk/src/rp2_common/pico_double/double_aeabi.S.obj
                0x10004fa0                __wrap___aeabi_drsub
                0x10004fa6                __wrap___aeabi_dsub
                0x10004fb8                __wrap___aeabi_dadd
                0x10004fca                __wrap___aeabi_ddiv
                0x10005006                __wrap___aeabi_dmul
 .text.__wrap___aeabi_cdcmple
                0x10005020       0x6c CMakeFiles/myblinkkey.dir/C_/RPPicoSDK/sdk/pico/pico-sdk/src/rp2_common/pico_double/double_aeabi.S.obj
                0x10005020                __wrap___aeabi_cdrcmple
                0x10005030                __wrap___aeabi_cdcmpeq
                0x10005030                __wrap___aeabi_cdcmple
 .text.__wrap___aeabi_dcmplt
                0x1000508c        0xc CMakeFiles/myblinkkey.dir/C_/RPPicoSDK/sdk/pico/pico-sdk/src/rp2_common/pico_double/double_aeabi.S.obj
                0x1000508c                __wrap___aeabi_dcmplt
 .text.__wrap___aeabi_dcmple
                0x10005098       0x10 CMakeFiles/myblinkkey.dir/C_/RPPicoSDK/sdk/pico/pico-sdk/src/rp2_common/pico_double/double_aeabi.S.obj
                0x10005098                __wrap___aeabi_dcmple
 .text.__wrap___aeabi_dcmpge
                0x100050a8       0x10 CMakeFiles/myblinkkey.dir/C_/RPPicoSDK/sdk/pico/pico-sdk/src/rp2_common/pico_double/double_aeabi.S.obj
                0x100050a8                __wrap___aeabi_dcmpge
 .text.__wrap___aeabi_dcmpgt
                0x100050b8        0xa CMakeFiles/myblinkkey.dir/C_/RPPicoSDK/sdk/pico/pico-sdk/src/rp2_common/pico_double/double_aeabi.S.obj
                0x100050b8                __wrap___aeabi_dcmpgt
 .text.__wrap___aeabi_dcmpun
                0x100050c2       0x1c CMakeFiles/myblinkkey.dir/C_/RPPicoSDK/sdk/pico/pico-sdk/src/rp2_common/pico_double/double_aeabi.S.obj
                0x100050c2                __wrap___aeabi_dcmpun
 *fill*         0x100050de        0x2 
 .text.__wrap___aeabi_i2d
                0x100050e0       0x38 CMakeFiles/myblinkkey.dir/C_/RPPicoSDK/sdk/pico/pico-sdk/src/rp2_common/pico_double/double_aeabi.S.obj
                0x100050e0                __wrap___aeabi_ui2d
                0x100050e8                __wrap___aeabi_i2d
 .text.__wrap___aeabi_d2iz
                0x10005118       0x48 CMakeFiles/myblinkkey.dir/C_/RPPicoSDK/sdk/pico/pico-sdk/src/rp2_common/pico_double/double_aeabi.S.obj
                0x10005118                double2int_z
                0x10005118                __wrap___aeabi_d2iz
 .text.__wrap___aeabi_d2uiz
                0x10005160       0x18 CMakeFiles/myblinkkey.dir/C_/RPPicoSDK/sdk/pico/pico-sdk/src/rp2_common/pico_double/double_aeabi.S.obj
                0x10005160                __wrap___aeabi_d2uiz
                0x10005160                double2uint
 .text.__aeabi_double_init
                0x10005178       0x94 CMakeFiles/myblinkkey.dir/C_/RPPicoSDK/sdk/pico/pico-sdk/src/rp2_common/pico_double/double_init_rom.c.obj
                0x10005178                __aeabi_double_init
 .text.double_table_shim_on_use_helper
                0x1000520c       0x2c CMakeFiles/myblinkkey.dir/C_/RPPicoSDK/sdk/pico/pico-sdk/src/rp2_common/pico_double/double_v1_rom_shim.S.obj
                0x1000520c                double_table_shim_on_use_helper
 .text.__wrap___aeabi_dsub
                0x10005238       0x10 CMakeFiles/myblinkkey.dir/C_/RPPicoSDK/sdk/pico/pico-sdk/src/rp2_common/pico_double/double_v1_rom_shim.S.obj
                0x10005238                drsub_shim
                0x1000523e                dsub_shim
 .text.dadd_shim
                0x10005248      0x15c CMakeFiles/myblinkkey.dir/C_/RPPicoSDK/sdk/pico/pico-sdk/src/rp2_common/pico_double/double_v1_rom_shim.S.obj
                0x10005248                dadd_shim
 .text.dmul_shim
                0x100053a4      0x15c CMakeFiles/myblinkkey.dir/C_/RPPicoSDK/sdk/pico/pico-sdk/src/rp2_common/pico_double/double_v1_rom_shim.S.obj
                0x100053a4                dmul_shim
 .text.ddiv_shim
                0x10005500      0x1b0 CMakeFiles/myblinkkey.dir/C_/RPPicoSDK/sdk/pico/pico-sdk/src/rp2_common/pico_double/double_v1_rom_shim.S.obj
                0x10005500                ddiv_shim
 .text.double2uint_shim
                0x100056b0        0xe CMakeFiles/myblinkkey.dir/C_/RPPicoSDK/sdk/pico/pico-sdk/src/rp2_common/pico_double/double_v1_rom_shim.S.obj
                0x100056b0                double2uint_shim
                0x100056b2                double2ufix_shim
 *fill*         0x100056be        0x2 
 .text.double2uint64_shim
                0x100056c0       0x70 CMakeFiles/myblinkkey.dir/C_/RPPicoSDK/sdk/pico/pico-sdk/src/rp2_common/pico_double/double_v1_rom_shim.S.obj
                0x100056c0                double2uint64_shim
                0x100056c2                double2ufix64_shim
                0x100056e2                d2fix_a
 .text.dunpacks
                0x10005730       0x3c CMakeFiles/myblinkkey.dir/C_/RPPicoSDK/sdk/pico/pico-sdk/src/rp2_common/pico_double/double_v1_rom_shim.S.obj
                0x10005730                dunpacks
 .text.__aeabi_lmul
                0x1000576c       0x32 CMakeFiles/myblinkkey.dir/C_/RPPicoSDK/sdk/pico/pico-sdk/src/rp2_common/pico_int64_ops/pico_int64_ops_aeabi.S.obj
                0x1000576c                __wrap___aeabi_lmul
 *fill*         0x1000579e        0x2 
 .text.__aeabi_float_init
                0x100057a0       0x64 CMakeFiles/myblinkkey.dir/C_/RPPicoSDK/sdk/pico/pico-sdk/src/rp2_common/pico_float/float_init_rom.c.obj
                0x100057a0                __aeabi_float_init
 .text.float_table_shim_on_use_helper
                0x10005804       0x2c CMakeFiles/myblinkkey.dir/C_/RPPicoSDK/sdk/pico/pico-sdk/src/rp2_common/pico_float/float_v1_rom_shim.S.obj
                0x10005804                float_table_shim_on_use_helper
 .text          0x10005830       0x10 CMakeFiles/myblinkkey.dir/C_/RPPicoSDK/sdk/pico/pico-sdk/src/rp2_common/pico_mem_ops/mem_ops_aeabi.S.obj
                0x10005830                __aeabi_mem_init
 .text.memset   0x10005840        0xc CMakeFiles/myblinkkey.dir/C_/RPPicoSDK/sdk/pico/pico-sdk/src/rp2_common/pico_mem_ops/mem_ops_aeabi.S.obj
                0x10005840                __wrap_memset
 .text.memcpy   0x1000584c        0xc CMakeFiles/myblinkkey.dir/C_/RPPicoSDK/sdk/pico/pico-sdk/src/rp2_common/pico_mem_ops/mem_ops_aeabi.S.obj
                0x1000584c                __wrap_memcpy
                0x1000584c                __wrap___aeabi_memcpy
 .text.stdio_out_chars_no_crlf
                0x10005858       0x10 CMakeFiles/myblinkkey.dir/C_/RPPicoSDK/sdk/pico/pico-sdk/src/rp2_common/pico_stdio/stdio.c.obj
 .text.stdio_out_chars_crlf
                0x10005868       0xb4 CMakeFiles/myblinkkey.dir/C_/RPPicoSDK/sdk/pico/pico-sdk/src/rp2_common/pico_stdio/stdio.c.obj
 .text.stdio_buffered_printer
                0x1000591c       0x64 CMakeFiles/myblinkkey.dir/C_/RPPicoSDK/sdk/pico/pico-sdk/src/rp2_common/pico_stdio/stdio.c.obj
 .text.stdio_put_string.isra.0
                0x10005980       0xfc CMakeFiles/myblinkkey.dir/C_/RPPicoSDK/sdk/pico/pico-sdk/src/rp2_common/pico_stdio/stdio.c.obj
 .text.__wrap_putchar
                0x10005a7c       0xa0 CMakeFiles/myblinkkey.dir/C_/RPPicoSDK/sdk/pico/pico-sdk/src/rp2_common/pico_stdio/stdio.c.obj
                0x10005a7c                __wrap_putchar
 .text.__wrap_puts
                0x10005b1c       0x3c CMakeFiles/myblinkkey.dir/C_/RPPicoSDK/sdk/pico/pico-sdk/src/rp2_common/pico_stdio/stdio.c.obj
                0x10005b1c                __wrap_puts
 .text.stdio_set_driver_enabled
                0x10005b58       0x3c CMakeFiles/myblinkkey.dir/C_/RPPicoSDK/sdk/pico/pico-sdk/src/rp2_common/pico_stdio/stdio.c.obj
                0x10005b58                stdio_set_driver_enabled
 .text.__wrap_vprintf
                0x10005b94       0xd8 CMakeFiles/myblinkkey.dir/C_/RPPicoSDK/sdk/pico/pico-sdk/src/rp2_common/pico_stdio/stdio.c.obj
                0x10005b94                __wrap_vprintf
 .text.__wrap_printf
                0x10005c6c       0x18 CMakeFiles/myblinkkey.dir/C_/RPPicoSDK/sdk/pico/pico-sdk/src/rp2_common/pico_stdio/stdio.c.obj
                0x10005c6c                __wrap_printf
 .text.stdio_init_all
                0x10005c84        0x8 CMakeFiles/myblinkkey.dir/C_/RPPicoSDK/sdk/pico/pico-sdk/src/rp2_common/pico_stdio/stdio.c.obj
                0x10005c84                stdio_init_all
 .text.resetd_init
                0x10005c8c        0x4 CMakeFiles/myblinkkey.dir/C_/RPPicoSDK/sdk/pico/pico-sdk/src/rp2_common/pico_stdio_usb/reset_interface.c.obj
 .text.resetd_reset
                0x10005c90        0xc CMakeFiles/myblinkkey.dir/C_/RPPicoSDK/sdk/pico/pico-sdk/src/rp2_common/pico_stdio_usb/reset_interface.c.obj
 .text.resetd_open
                0x10005c9c       0x28 CMakeFiles/myblinkkey.dir/C_/RPPicoSDK/sdk/pico/pico-sdk/src/rp2_common/pico_stdio_usb/reset_interface.c.obj
 .text.resetd_xfer_cb
                0x10005cc4        0x4 CMakeFiles/myblinkkey.dir/C_/RPPicoSDK/sdk/pico/pico-sdk/src/rp2_common/pico_stdio_usb/reset_interface.c.obj
 .text.resetd_control_xfer_cb
                0x10005cc8       0x64 CMakeFiles/myblinkkey.dir/C_/RPPicoSDK/sdk/pico/pico-sdk/src/rp2_common/pico_stdio_usb/reset_interface.c.obj
 .text.usbd_app_driver_get_cb
                0x10005d2c        0xc CMakeFiles/myblinkkey.dir/C_/RPPicoSDK/sdk/pico/pico-sdk/src/rp2_common/pico_stdio_usb/reset_interface.c.obj
                0x10005d2c                usbd_app_driver_get_cb
 .text.tud_cdc_line_coding_cb
                0x10005d38       0x34 CMakeFiles/myblinkkey.dir/C_/RPPicoSDK/sdk/pico/pico-sdk/src/rp2_common/pico_stdio_usb/reset_interface.c.obj
                0x10005d38                tud_cdc_line_coding_cb
 .text.stdio_usb_in_chars
                0x10005d6c       0x68 CMakeFiles/myblinkkey.dir/C_/RPPicoSDK/sdk/pico/pico-sdk/src/rp2_common/pico_stdio_usb/stdio_usb.c.obj
                0x10005d6c                stdio_usb_in_chars
 .text.stdio_usb_out_chars
                0x10005dd4       0xe4 CMakeFiles/myblinkkey.dir/C_/RPPicoSDK/sdk/pico/pico-sdk/src/rp2_common/pico_stdio_usb/stdio_usb.c.obj
 .text.timer_task
                0x10005eb8       0x10 CMakeFiles/myblinkkey.dir/C_/RPPicoSDK/sdk/pico/pico-sdk/src/rp2_common/pico_stdio_usb/stdio_usb.c.obj
 .text.low_priority_worker_irq
                0x10005ec8       0x24 CMakeFiles/myblinkkey.dir/C_/RPPicoSDK/sdk/pico/pico-sdk/src/rp2_common/pico_stdio_usb/stdio_usb.c.obj
 .text.stdio_usb_init
                0x10005eec       0x90 CMakeFiles/myblinkkey.dir/C_/RPPicoSDK/sdk/pico/pico-sdk/src/rp2_common/pico_stdio_usb/stdio_usb.c.obj
                0x10005eec                stdio_usb_init
 .text.tud_descriptor_device_cb
                0x10005f7c        0x8 CMakeFiles/myblinkkey.dir/C_/RPPicoSDK/sdk/pico/pico-sdk/src/rp2_common/pico_stdio_usb/stdio_usb_descriptors.c.obj
                0x10005f7c                tud_descriptor_device_cb
 .text.tud_descriptor_configuration_cb
                0x10005f84        0x8 CMakeFiles/myblinkkey.dir/C_/RPPicoSDK/sdk/pico/pico-sdk/src/rp2_common/pico_stdio_usb/stdio_usb_descriptors.c.obj
                0x10005f84                tud_descriptor_configuration_cb
 .text.tud_descriptor_string_cb
                0x10005f8c       0x74 CMakeFiles/myblinkkey.dir/C_/RPPicoSDK/sdk/pico/pico-sdk/src/rp2_common/pico_stdio_usb/stdio_usb_descriptors.c.obj
                0x10005f8c                tud_descriptor_string_cb
 .text.dcd_rp2040_irq
                0x10006000      0x21c CMakeFiles/myblinkkey.dir/C_/RPPicoSDK/sdk/pico/pico-sdk/lib/tinyusb/src/portable/raspberrypi/rp2040/dcd_rp2040.c.obj
 .text.dcd_int_enable
                0x1000621c        0xc CMakeFiles/myblinkkey.dir/C_/RPPicoSDK/sdk/pico/pico-sdk/lib/tinyusb/src/portable/raspberrypi/rp2040/dcd_rp2040.c.obj
                0x1000621c                dcd_int_enable
 .text.dcd_set_address
                0x10006228       0x14 CMakeFiles/myblinkkey.dir/C_/RPPicoSDK/sdk/pico/pico-sdk/lib/tinyusb/src/portable/raspberrypi/rp2040/dcd_rp2040.c.obj
                0x10006228                dcd_set_address
 .text.dcd_connect
                0x1000623c       0x10 CMakeFiles/myblinkkey.dir/C_/RPPicoSDK/sdk/pico/pico-sdk/lib/tinyusb/src/portable/raspberrypi/rp2040/dcd_rp2040.c.obj
                0x1000623c                dcd_connect
 .text.dcd_init
                0x1000624c      0x144 CMakeFiles/myblinkkey.dir/C_/RPPicoSDK/sdk/pico/pico-sdk/lib/tinyusb/src/portable/raspberrypi/rp2040/dcd_rp2040.c.obj
                0x1000624c                dcd_init
 .text.dcd_edpt0_status_complete
                0x10006390       0x1c CMakeFiles/myblinkkey.dir/C_/RPPicoSDK/sdk/pico/pico-sdk/lib/tinyusb/src/portable/raspberrypi/rp2040/dcd_rp2040.c.obj
                0x10006390                dcd_edpt0_status_complete
 .text.dcd_edpt_open
                0x100063ac       0xf0 CMakeFiles/myblinkkey.dir/C_/RPPicoSDK/sdk/pico/pico-sdk/lib/tinyusb/src/portable/raspberrypi/rp2040/dcd_rp2040.c.obj
                0x100063ac                dcd_edpt_open
 .text.dcd_edpt_close_all
                0x1000649c       0xbc CMakeFiles/myblinkkey.dir/C_/RPPicoSDK/sdk/pico/pico-sdk/lib/tinyusb/src/portable/raspberrypi/rp2040/dcd_rp2040.c.obj
                0x1000649c                dcd_edpt_close_all
 .text.dcd_edpt_xfer
                0x10006558       0x24 CMakeFiles/myblinkkey.dir/C_/RPPicoSDK/sdk/pico/pico-sdk/lib/tinyusb/src/portable/raspberrypi/rp2040/dcd_rp2040.c.obj
                0x10006558                dcd_edpt_xfer
 .text.dcd_edpt_stall
                0x1000657c       0x38 CMakeFiles/myblinkkey.dir/C_/RPPicoSDK/sdk/pico/pico-sdk/lib/tinyusb/src/portable/raspberrypi/rp2040/dcd_rp2040.c.obj
                0x1000657c                dcd_edpt_stall
 .text.dcd_edpt_clear_stall
                0x100065b4       0x30 CMakeFiles/myblinkkey.dir/C_/RPPicoSDK/sdk/pico/pico-sdk/lib/tinyusb/src/portable/raspberrypi/rp2040/dcd_rp2040.c.obj
                0x100065b4                dcd_edpt_clear_stall
 .text._hw_endpoint_buffer_control_update32.part.0.isra.0
                0x100065e4       0x1c CMakeFiles/myblinkkey.dir/C_/RPPicoSDK/sdk/pico/pico-sdk/lib/tinyusb/src/portable/raspberrypi/rp2040/rp2040_usb.c.obj
 .text.rp2040_usb_init
                0x10006600       0x4c CMakeFiles/myblinkkey.dir/C_/RPPicoSDK/sdk/pico/pico-sdk/lib/tinyusb/src/portable/raspberrypi/rp2040/rp2040_usb.c.obj
                0x10006600                rp2040_usb_init
 .text.hw_endpoint_reset_transfer
                0x1000664c        0xc CMakeFiles/myblinkkey.dir/C_/RPPicoSDK/sdk/pico/pico-sdk/lib/tinyusb/src/portable/raspberrypi/rp2040/rp2040_usb.c.obj
                0x1000664c                hw_endpoint_reset_transfer
 .text._hw_endpoint_buffer_control_update32
                0x10006658       0x44 CMakeFiles/myblinkkey.dir/C_/RPPicoSDK/sdk/pico/pico-sdk/lib/tinyusb/src/portable/raspberrypi/rp2040/rp2040_usb.c.obj
                0x10006658                _hw_endpoint_buffer_control_update32
 .text.hw_endpoint_xfer_start
                0x1000669c      0x138 CMakeFiles/myblinkkey.dir/C_/RPPicoSDK/sdk/pico/pico-sdk/lib/tinyusb/src/portable/raspberrypi/rp2040/rp2040_usb.c.obj
                0x1000669c                hw_endpoint_xfer_start
 .text.hw_endpoint_xfer_continue
                0x100067d4      0x1e4 CMakeFiles/myblinkkey.dir/C_/RPPicoSDK/sdk/pico/pico-sdk/lib/tinyusb/src/portable/raspberrypi/rp2040/rp2040_usb.c.obj
                0x100067d4                hw_endpoint_xfer_continue
 .text.tud_mounted
                0x100069b8       0x10 CMakeFiles/myblinkkey.dir/C_/RPPicoSDK/sdk/pico/pico-sdk/lib/tinyusb/src/device/usbd.c.obj
                0x100069b8                tud_mounted
 .text.tud_suspended
                0x100069c8       0x10 CMakeFiles/myblinkkey.dir/C_/RPPicoSDK/sdk/pico/pico-sdk/lib/tinyusb/src/device/usbd.c.obj
                0x100069c8                tud_suspended
 .text.tud_inited
                0x100069d8        0xc CMakeFiles/myblinkkey.dir/C_/RPPicoSDK/sdk/pico/pico-sdk/lib/tinyusb/src/device/usbd.c.obj
                0x100069d8                tud_inited
 .text.tud_init
                0x100069e4       0xd8 CMakeFiles/myblinkkey.dir/C_/RPPicoSDK/sdk/pico/pico-sdk/lib/tinyusb/src/device/usbd.c.obj
                0x100069e4                tud_init
 .text.tud_task
                0x10006abc      0x8ec CMakeFiles/myblinkkey.dir/C_/RPPicoSDK/sdk/pico/pico-sdk/lib/tinyusb/src/device/usbd.c.obj
                0x10006abc                tud_task
 .text.dcd_event_bus_signal
                0x100073a8      0x120 CMakeFiles/myblinkkey.dir/C_/RPPicoSDK/sdk/pico/pico-sdk/lib/tinyusb/src/device/usbd.c.obj
                0x100073a8                dcd_event_bus_signal
 .text.dcd_event_bus_reset
                0x100074c8       0x54 CMakeFiles/myblinkkey.dir/C_/RPPicoSDK/sdk/pico/pico-sdk/lib/tinyusb/src/device/usbd.c.obj
                0x100074c8                dcd_event_bus_reset
 .text.dcd_event_setup_received
                0x1000751c       0x50 CMakeFiles/myblinkkey.dir/C_/RPPicoSDK/sdk/pico/pico-sdk/lib/tinyusb/src/device/usbd.c.obj
                0x1000751c                dcd_event_setup_received
 .text.dcd_event_xfer_complete
                0x1000756c       0x68 CMakeFiles/myblinkkey.dir/C_/RPPicoSDK/sdk/pico/pico-sdk/lib/tinyusb/src/device/usbd.c.obj
                0x1000756c                dcd_event_xfer_complete
 .text.usbd_open_edpt_pair
                0x100075d4       0x80 CMakeFiles/myblinkkey.dir/C_/RPPicoSDK/sdk/pico/pico-sdk/lib/tinyusb/src/device/usbd.c.obj
                0x100075d4                usbd_open_edpt_pair
 .text.usbd_edpt_open
                0x10007654       0x30 CMakeFiles/myblinkkey.dir/C_/RPPicoSDK/sdk/pico/pico-sdk/lib/tinyusb/src/device/usbd.c.obj
                0x10007654                usbd_edpt_open
 .text.usbd_edpt_claim
                0x10007684       0x64 CMakeFiles/myblinkkey.dir/C_/RPPicoSDK/sdk/pico/pico-sdk/lib/tinyusb/src/device/usbd.c.obj
                0x10007684                usbd_edpt_claim
 .text.usbd_edpt_release
                0x100076e8       0x4c CMakeFiles/myblinkkey.dir/C_/RPPicoSDK/sdk/pico/pico-sdk/lib/tinyusb/src/device/usbd.c.obj
                0x100076e8                usbd_edpt_release
 .text.usbd_edpt_xfer
                0x10007734       0x48 CMakeFiles/myblinkkey.dir/C_/RPPicoSDK/sdk/pico/pico-sdk/lib/tinyusb/src/device/usbd.c.obj
                0x10007734                usbd_edpt_xfer
 .text.tud_control_status
                0x1000777c       0x30 CMakeFiles/myblinkkey.dir/C_/RPPicoSDK/sdk/pico/pico-sdk/lib/tinyusb/src/device/usbd_control.c.obj
                0x1000777c                tud_control_status
 .text.tud_control_xfer
                0x100077ac       0xbc CMakeFiles/myblinkkey.dir/C_/RPPicoSDK/sdk/pico/pico-sdk/lib/tinyusb/src/device/usbd_control.c.obj
                0x100077ac                tud_control_xfer
 .text.usbd_control_reset
                0x10007868       0x14 CMakeFiles/myblinkkey.dir/C_/RPPicoSDK/sdk/pico/pico-sdk/lib/tinyusb/src/device/usbd_control.c.obj
                0x10007868                usbd_control_reset
 .text.usbd_control_set_complete_callback
                0x1000787c        0xc CMakeFiles/myblinkkey.dir/C_/RPPicoSDK/sdk/pico/pico-sdk/lib/tinyusb/src/device/usbd_control.c.obj
                0x1000787c                usbd_control_set_complete_callback
 .text.usbd_control_set_request
                0x10007888       0x1c CMakeFiles/myblinkkey.dir/C_/RPPicoSDK/sdk/pico/pico-sdk/lib/tinyusb/src/device/usbd_control.c.obj
                0x10007888                usbd_control_set_request
 .text.usbd_control_xfer_cb
                0x100078a4       0xfc CMakeFiles/myblinkkey.dir/C_/RPPicoSDK/sdk/pico/pico-sdk/lib/tinyusb/src/device/usbd_control.c.obj
                0x100078a4                usbd_control_xfer_cb
 .text.tud_cdc_n_connected
                0x100079a0       0x30 CMakeFiles/myblinkkey.dir/C_/RPPicoSDK/sdk/pico/pico-sdk/lib/tinyusb/src/class/cdc/cdc_device.c.obj
                0x100079a0                tud_cdc_n_connected
 .text.tud_cdc_n_available
                0x100079d0       0x18 CMakeFiles/myblinkkey.dir/C_/RPPicoSDK/sdk/pico/pico-sdk/lib/tinyusb/src/class/cdc/cdc_device.c.obj
                0x100079d0                tud_cdc_n_available
 .text.tud_cdc_n_read
                0x100079e8       0x70 CMakeFiles/myblinkkey.dir/C_/RPPicoSDK/sdk/pico/pico-sdk/lib/tinyusb/src/class/cdc/cdc_device.c.obj
                0x100079e8                tud_cdc_n_read
 .text.tud_cdc_n_write_flush
                0x10007a58       0x78 CMakeFiles/myblinkkey.dir/C_/RPPicoSDK/sdk/pico/pico-sdk/lib/tinyusb/src/class/cdc/cdc_device.c.obj
                0x10007a58                tud_cdc_n_write_flush
 .text.tud_cdc_n_write
                0x10007ad0       0x34 CMakeFiles/myblinkkey.dir/C_/RPPicoSDK/sdk/pico/pico-sdk/lib/tinyusb/src/class/cdc/cdc_device.c.obj
                0x10007ad0                tud_cdc_n_write
 .text.tud_cdc_n_write_available
                0x10007b04       0x18 CMakeFiles/myblinkkey.dir/C_/RPPicoSDK/sdk/pico/pico-sdk/lib/tinyusb/src/class/cdc/cdc_device.c.obj
                0x10007b04                tud_cdc_n_write_available
 .text.cdcd_init
                0x10007b1c       0x7c CMakeFiles/myblinkkey.dir/C_/RPPicoSDK/sdk/pico/pico-sdk/lib/tinyusb/src/class/cdc/cdc_device.c.obj
                0x10007b1c                cdcd_init
 .text.cdcd_reset
                0x10007b98       0x2c CMakeFiles/myblinkkey.dir/C_/RPPicoSDK/sdk/pico/pico-sdk/lib/tinyusb/src/class/cdc/cdc_device.c.obj
                0x10007b98                cdcd_reset
 .text.cdcd_open
                0x10007bc4       0xe4 CMakeFiles/myblinkkey.dir/C_/RPPicoSDK/sdk/pico/pico-sdk/lib/tinyusb/src/class/cdc/cdc_device.c.obj
                0x10007bc4                cdcd_open
 .text.cdcd_control_xfer_cb
                0x10007ca8       0xe4 CMakeFiles/myblinkkey.dir/C_/RPPicoSDK/sdk/pico/pico-sdk/lib/tinyusb/src/class/cdc/cdc_device.c.obj
                0x10007ca8                cdcd_control_xfer_cb
 .text.cdcd_xfer_cb
                0x10007d8c      0x148 CMakeFiles/myblinkkey.dir/C_/RPPicoSDK/sdk/pico/pico-sdk/lib/tinyusb/src/class/cdc/cdc_device.c.obj
                0x10007d8c                cdcd_xfer_cb
 .text.tusb_init
                0x10007ed4        0xc CMakeFiles/myblinkkey.dir/C_/RPPicoSDK/sdk/pico/pico-sdk/lib/tinyusb/src/tusb.c.obj
                0x10007ed4                tusb_init
 .text.tusb_inited
                0x10007ee0        0x8 CMakeFiles/myblinkkey.dir/C_/RPPicoSDK/sdk/pico/pico-sdk/lib/tinyusb/src/tusb.c.obj
                0x10007ee0                tusb_inited
 .text.tu_edpt_validate
                0x10007ee8       0x78 CMakeFiles/myblinkkey.dir/C_/RPPicoSDK/sdk/pico/pico-sdk/lib/tinyusb/src/tusb.c.obj
                0x10007ee8                tu_edpt_validate
 .text.tu_edpt_bind_driver
                0x10007f60       0x2c CMakeFiles/myblinkkey.dir/C_/RPPicoSDK/sdk/pico/pico-sdk/lib/tinyusb/src/tusb.c.obj
                0x10007f60                tu_edpt_bind_driver
 .text.tu_fifo_config
                0x10007f8c       0x78 CMakeFiles/myblinkkey.dir/C_/RPPicoSDK/sdk/pico/pico-sdk/lib/tinyusb/src/common/tusb_fifo.c.obj
                0x10007f8c                tu_fifo_config
 .text.tu_fifo_count
                0x10008004       0x20 CMakeFiles/myblinkkey.dir/C_/RPPicoSDK/sdk/pico/pico-sdk/lib/tinyusb/src/common/tusb_fifo.c.obj
                0x10008004                tu_fifo_count
 .text.tu_fifo_empty
                0x10008024       0x10 CMakeFiles/myblinkkey.dir/C_/RPPicoSDK/sdk/pico/pico-sdk/lib/tinyusb/src/common/tusb_fifo.c.obj
                0x10008024                tu_fifo_empty
 .text.tu_fifo_remaining
                0x10008034       0x1c CMakeFiles/myblinkkey.dir/C_/RPPicoSDK/sdk/pico/pico-sdk/lib/tinyusb/src/common/tusb_fifo.c.obj
                0x10008034                tu_fifo_remaining
 .text.tu_fifo_read
                0x10008050       0x9c CMakeFiles/myblinkkey.dir/C_/RPPicoSDK/sdk/pico/pico-sdk/lib/tinyusb/src/common/tusb_fifo.c.obj
                0x10008050                tu_fifo_read
 .text.tu_fifo_read_n
                0x100080ec      0x100 CMakeFiles/myblinkkey.dir/C_/RPPicoSDK/sdk/pico/pico-sdk/lib/tinyusb/src/common/tusb_fifo.c.obj
                0x100080ec                tu_fifo_read_n
 .text.tu_fifo_write
                0x100081ec       0x7c CMakeFiles/myblinkkey.dir/C_/RPPicoSDK/sdk/pico/pico-sdk/lib/tinyusb/src/common/tusb_fifo.c.obj
                0x100081ec                tu_fifo_write
 .text.tu_fifo_write_n
                0x10008268      0x100 CMakeFiles/myblinkkey.dir/C_/RPPicoSDK/sdk/pico/pico-sdk/lib/tinyusb/src/common/tusb_fifo.c.obj
                0x10008268                tu_fifo_write_n
 .text.tu_fifo_clear
                0x10008368       0x4c CMakeFiles/myblinkkey.dir/C_/RPPicoSDK/sdk/pico/pico-sdk/lib/tinyusb/src/common/tusb_fifo.c.obj
                0x10008368                tu_fifo_clear
 .text.tu_fifo_set_overwritable
                0x100083b4       0x3c CMakeFiles/myblinkkey.dir/C_/RPPicoSDK/sdk/pico/pico-sdk/lib/tinyusb/src/common/tusb_fifo.c.obj
                0x100083b4                tu_fifo_set_overwritable
 .text.startup._retrieve_unique_id_on_boot
                0x100083f0       0x10 CMakeFiles/myblinkkey.dir/C_/RPPicoSDK/sdk/pico/pico-sdk/src/rp2_common/pico_unique_id/unique_id.c.obj
 .text.pico_get_unique_board_id_string
                0x10008400      0x1a8 CMakeFiles/myblinkkey.dir/C_/RPPicoSDK/sdk/pico/pico-sdk/src/rp2_common/pico_unique_id/unique_id.c.obj
                0x10008400                pico_get_unique_board_id_string
 .text.flash_get_unique_id
                0x100085a8       0x40 CMakeFiles/myblinkkey.dir/C_/RPPicoSDK/sdk/pico/pico-sdk/src/rp2_common/hardware_flash/flash.c.obj
                0x100085a8                flash_get_unique_id
 .text.rtc_irq_handler
                0x100085e8       0x54 CMakeFiles/myblinkkey.dir/C_/RPPicoSDK/sdk/pico/pico-sdk/src/rp2_common/hardware_rtc/rtc.c.obj
 .text.rtc_init
                0x1000863c       0x38 CMakeFiles/myblinkkey.dir/C_/RPPicoSDK/sdk/pico/pico-sdk/src/rp2_common/hardware_rtc/rtc.c.obj
                0x1000863c                rtc_init
 .text.rtc_set_datetime
                0x10008674       0xac CMakeFiles/myblinkkey.dir/C_/RPPicoSDK/sdk/pico/pico-sdk/src/rp2_common/hardware_rtc/rtc.c.obj
                0x10008674                rtc_set_datetime
 .text.rtc_get_datetime
                0x10008720       0x44 CMakeFiles/myblinkkey.dir/C_/RPPicoSDK/sdk/pico/pico-sdk/src/rp2_common/hardware_rtc/rtc.c.obj
                0x10008720                rtc_get_datetime
 .text.rtc_set_alarm
                0x10008764      0x178 CMakeFiles/myblinkkey.dir/C_/RPPicoSDK/sdk/pico/pico-sdk/src/rp2_common/hardware_rtc/rtc.c.obj
                0x10008764                rtc_set_alarm
 .text.atoi     0x100088dc        0xc c:/rppico~1/armcc/102021~1.10/bin/../lib/gcc/arm-none-eabi/10.3.1/../../../../arm-none-eabi/lib/thumb/v6-m/nofp\libc.a(lib_a-atoi.o)
                0x100088dc                atoi
 .text.__errno  0x100088e8        0xc c:/rppico~1/armcc/102021~1.10/bin/../lib/gcc/arm-none-eabi/10.3.1/../../../../arm-none-eabi/lib/thumb/v6-m/nofp\libc.a(lib_a-errno.o)
                0x100088e8                __errno
 .text.itoa     0x100088f4       0x30 c:/rppico~1/armcc/102021~1.10/bin/../lib/gcc/arm-none-eabi/10.3.1/../../../../arm-none-eabi/lib/thumb/v6-m/nofp\libc.a(lib_a-itoa.o)
                0x100088f4                itoa
 .text.stpcpy   0x10008924       0x4c c:/rppico~1/armcc/102021~1.10/bin/../lib/gcc/arm-none-eabi/10.3.1/../../../../arm-none-eabi/lib/thumb/v6-m/nofp\libc.a(lib_a-stpcpy.o)
                0x10008924                stpcpy
 .text.strcat   0x10008970       0x4c c:/rppico~1/armcc/102021~1.10/bin/../lib/gcc/arm-none-eabi/10.3.1/../../../../arm-none-eabi/lib/thumb/v6-m/nofp\libc.a(lib_a-strcat.o)
                0x10008970                strcat
 .text.strcpy   0x100089bc       0x10 c:/rppico~1/armcc/102021~1.10/bin/../lib/gcc/arm-none-eabi/10.3.1/../../../../arm-none-eabi/lib/thumb/v6-m/nofp\libc.a(lib_a-strcpy.o)
                0x100089bc                strcpy
 .text.strlen   0x100089cc       0x5c c:/rppico~1/armcc/102021~1.10/bin/../lib/gcc/arm-none-eabi/10.3.1/../../../../arm-none-eabi/lib/thumb/v6-m/nofp\libc.a(lib_a-strlen-stub.o)
                0x100089cc                strlen
 .text.strncpy  0x10008a28       0x6c c:/rppico~1/armcc/102021~1.10/bin/../lib/gcc/arm-none-eabi/10.3.1/../../../../arm-none-eabi/lib/thumb/v6-m/nofp\libc.a(lib_a-strncpy.o)
                0x10008a28                strncpy
 .text._strtol_l.part.0
                0x10008a94      0x144 c:/rppico~1/armcc/102021~1.10/bin/../lib/gcc/arm-none-eabi/10.3.1/../../../../arm-none-eabi/lib/thumb/v6-m/nofp\libc.a(lib_a-strtol.o)
 .text.strtol   0x10008bd8       0x2c c:/rppico~1/armcc/102021~1.10/bin/../lib/gcc/arm-none-eabi/10.3.1/../../../../arm-none-eabi/lib/thumb/v6-m/nofp\libc.a(lib_a-strtol.o)
                0x10008bd8                strtol
 .text.__utoa   0x10008c04       0x80 c:/rppico~1/armcc/102021~1.10/bin/../lib/gcc/arm-none-eabi/10.3.1/../../../../arm-none-eabi/lib/thumb/v6-m/nofp\libc.a(lib_a-utoa.o)
                0x10008c04                __utoa
 *(.fini)
 .fini          0x10008c84        0x4 c:/rppico~1/armcc/102021~1.10/bin/../lib/gcc/arm-none-eabi/10.3.1/thumb/v6-m/nofp/crti.o
                0x10008c84                _fini
 .fini.__stub   0x10008c88       0x70 linker stubs
 *crtbegin.o(.ctors)
 *crtbegin?.o(.ctors)
 *(EXCLUDE_FILE(*crtend.o *crtend?.o) .ctors)
 *(SORT_BY_NAME(.ctors.*))
 *(.ctors)
 *crtbegin.o(.dtors)
 *crtbegin?.o(.dtors)
 *(EXCLUDE_FILE(*crtend.o *crtend?.o) .dtors)
 *(SORT_BY_NAME(.dtors.*))
 *(.dtors)
 *(.eh_frame*)
 .eh_frame      0x10008cf8        0x0 c:/rppico~1/armcc/102021~1.10/bin/../lib/gcc/arm-none-eabi/10.3.1/thumb/v6-m/nofp/crtbegin.o
                0x10008cf8                . = ALIGN (0x4)

.glue_7         0x10008cf8        0x0
 .glue_7        0x10008cf8        0x0 linker stubs

.glue_7t        0x10008cf8        0x0
 .glue_7t       0x10008cf8        0x0 linker stubs

.vfp11_veneer   0x10008cf8        0x0
 .vfp11_veneer  0x10008cf8        0x0 linker stubs

.v4_bx          0x10008cf8        0x0
 .v4_bx         0x10008cf8        0x0 linker stubs

.iplt           0x10008cf8        0x0
 .iplt          0x10008cf8        0x0 c:/rppico~1/armcc/102021~1.10/bin/../lib/gcc/arm-none-eabi/10.3.1/thumb/v6-m/nofp/crtbegin.o

.rodata         0x10008cf8      0x784
 *(EXCLUDE_FILE(*libm.a: *libc.a:*lib_a-mem*.o *libgcc.a:) .rodata*)
 .rodata.main.str1.4
                0x10008cf8       0x34 CMakeFiles/myblinkkey.dir/main.c.obj
 .rodata.main   0x10008d2c       0x88 CMakeFiles/myblinkkey.dir/main.c.obj
 .rodata.col    0x10008db4       0x10 CMakeFiles/myblinkkey.dir/KeyMatrix.c.obj
                0x10008db4                col
 .rodata.row    0x10008dc4       0x10 CMakeFiles/myblinkkey.dir/KeyMatrix.c.obj
                0x10008dc4                row
 .rodata.TimerInit.str1.4
                0x10008dd4       0x53 CMakeFiles/myblinkkey.dir/timer.c.obj
 *fill*         0x10008e27        0x1 
 .rodata.Weekday
                0x10008e28       0x1c CMakeFiles/myblinkkey.dir/rtc_datetime.c.obj
 .rodata.rtc_datetimeGet.str1.4
                0x10008e44        0xa CMakeFiles/myblinkkey.dir/rtc_datetime.c.obj
 *fill*         0x10008e4e        0x2 
 .rodata.spin_lock_claim_unused.str1.4
                0x10008e50       0x1b CMakeFiles/myblinkkey.dir/C_/RPPicoSDK/sdk/pico/pico-sdk/src/rp2_common/hardware_sync/sync.c.obj
 *fill*         0x10008e6b        0x1 
 .rodata.hardware_alarm_claim.str1.4
                0x10008e6c       0x22 CMakeFiles/myblinkkey.dir/C_/RPPicoSDK/sdk/pico/pico-sdk/src/rp2_common/hardware_timer/timer.c.obj
 *fill*         0x10008e8e        0x2 
 .rodata.panic.str1.4
                0x10008e90       0x12 CMakeFiles/myblinkkey.dir/C_/RPPicoSDK/sdk/pico/pico-sdk/src/rp2_common/pico_runtime/runtime.c.obj
 *fill*         0x10008ea2        0x2 
 .rodata.hard_assertion_failure.str1.4
                0x10008ea4        0xc CMakeFiles/myblinkkey.dir/C_/RPPicoSDK/sdk/pico/pico-sdk/src/rp2_common/pico_runtime/runtime.c.obj
 .rodata._ftoa.str1.4
                0x10008eb0       0x15 CMakeFiles/myblinkkey.dir/C_/RPPicoSDK/sdk/pico/pico-sdk/src/rp2_common/pico_printf/printf.c.obj
 *fill*         0x10008ec5        0x3 
 .rodata._vsnprintf
                0x10008ec8      0x1e0 CMakeFiles/myblinkkey.dir/C_/RPPicoSDK/sdk/pico/pico-sdk/src/rp2_common/pico_printf/printf.c.obj
 .rodata.pow10.0
                0x100090a8       0x50 CMakeFiles/myblinkkey.dir/C_/RPPicoSDK/sdk/pico/pico-sdk/src/rp2_common/pico_printf/printf.c.obj
 .rodata.str1.4
                0x100090f8       0x40 CMakeFiles/myblinkkey.dir/C_/RPPicoSDK/sdk/pico/pico-sdk/src/rp2_common/pico_standard_link/binary_info.c.obj
 .rodata.__bi_44
                0x10009138        0xc CMakeFiles/myblinkkey.dir/C_/RPPicoSDK/sdk/pico/pico-sdk/src/rp2_common/pico_standard_link/binary_info.c.obj
 .rodata.__bi_75
                0x10009144        0xc CMakeFiles/myblinkkey.dir/C_/RPPicoSDK/sdk/pico/pico-sdk/src/rp2_common/pico_standard_link/binary_info.c.obj
 .rodata.__bi_81
                0x10009150        0xc CMakeFiles/myblinkkey.dir/C_/RPPicoSDK/sdk/pico/pico-sdk/src/rp2_common/pico_standard_link/binary_info.c.obj
 .rodata.crlf_str.0
                0x1000915c        0x2 CMakeFiles/myblinkkey.dir/C_/RPPicoSDK/sdk/pico/pico-sdk/src/rp2_common/pico_stdio/stdio.c.obj
 *fill*         0x1000915e        0x2 
 .rodata._resetd_driver
                0x10009160       0x18 CMakeFiles/myblinkkey.dir/C_/RPPicoSDK/sdk/pico/pico-sdk/src/rp2_common/pico_stdio_usb/reset_interface.c.obj
 .rodata.str1.4
                0x10009178       0x13 CMakeFiles/myblinkkey.dir/C_/RPPicoSDK/sdk/pico/pico-sdk/src/rp2_common/pico_stdio_usb/stdio_usb.c.obj
 *fill*         0x1000918b        0x1 
 .rodata.__bi_93.0
                0x1000918c        0xc CMakeFiles/myblinkkey.dir/C_/RPPicoSDK/sdk/pico/pico-sdk/src/rp2_common/pico_stdio_usb/stdio_usb.c.obj
 .rodata.str1.4
                0x10009198       0x2a CMakeFiles/myblinkkey.dir/C_/RPPicoSDK/sdk/pico/pico-sdk/src/rp2_common/pico_stdio_usb/stdio_usb_descriptors.c.obj
 *fill*         0x100091c2        0x2 
 .rodata.usbd_desc_cfg
                0x100091c4       0x54 CMakeFiles/myblinkkey.dir/C_/RPPicoSDK/sdk/pico/pico-sdk/src/rp2_common/pico_stdio_usb/stdio_usb_descriptors.c.obj
 .rodata.usbd_desc_device
                0x10009218       0x12 CMakeFiles/myblinkkey.dir/C_/RPPicoSDK/sdk/pico/pico-sdk/src/rp2_common/pico_stdio_usb/stdio_usb_descriptors.c.obj
 *fill*         0x1000922a        0x2 
 .rodata.usbd_desc_str
                0x1000922c       0x18 CMakeFiles/myblinkkey.dir/C_/RPPicoSDK/sdk/pico/pico-sdk/src/rp2_common/pico_stdio_usb/stdio_usb_descriptors.c.obj
 .rodata.dcd_rp2040_irq.str1.4
                0x10009244       0x14 CMakeFiles/myblinkkey.dir/C_/RPPicoSDK/sdk/pico/pico-sdk/lib/tinyusb/src/portable/raspberrypi/rp2040/dcd_rp2040.c.obj
 .rodata._hw_endpoint_buffer_control_update32.part.0.isra.0.str1.4
                0x10009258       0x1f CMakeFiles/myblinkkey.dir/C_/RPPicoSDK/sdk/pico/pico-sdk/lib/tinyusb/src/portable/raspberrypi/rp2040/rp2040_usb.c.obj
 *fill*         0x10009277        0x1 
 .rodata.hw_endpoint_xfer_continue.str1.4
                0x10009278       0x29 CMakeFiles/myblinkkey.dir/C_/RPPicoSDK/sdk/pico/pico-sdk/lib/tinyusb/src/portable/raspberrypi/rp2040/rp2040_usb.c.obj
 *fill*         0x100092a1        0x3 
 .rodata.str1.4
                0x100092a4        0x7 CMakeFiles/myblinkkey.dir/C_/RPPicoSDK/sdk/pico/pico-sdk/lib/tinyusb/src/portable/raspberrypi/rp2040/rp2040_usb.c.obj
 *fill*         0x100092ab        0x1 
 .rodata.tud_task
                0x100092ac       0x8c CMakeFiles/myblinkkey.dir/C_/RPPicoSDK/sdk/pico/pico-sdk/lib/tinyusb/src/device/usbd.c.obj
 .rodata._usbd_driver
                0x10009338       0x18 CMakeFiles/myblinkkey.dir/C_/RPPicoSDK/sdk/pico/pico-sdk/lib/tinyusb/src/device/usbd.c.obj
 .rodata.__utoa.str1.4
                0x10009350       0x25 c:/rppico~1/armcc/102021~1.10/bin/../lib/gcc/arm-none-eabi/10.3.1/../../../../arm-none-eabi/lib/thumb/v6-m/nofp\libc.a(lib_a-utoa.o)
 *fill*         0x10009375        0x3 
 .rodata._ctype_
                0x10009378      0x101 c:/rppico~1/armcc/102021~1.10/bin/../lib/gcc/arm-none-eabi/10.3.1/../../../../arm-none-eabi/lib/thumb/v6-m/nofp\libc.a(lib_a-ctype_.o)
                0x10009378                _ctype_
                0x1000947c                . = ALIGN (0x4)
 *fill*         0x10009479        0x3 
 *(SORT_BY_ALIGNMENT(SORT_BY_NAME(.flashdata*)))
                0x1000947c                . = ALIGN (0x4)

.rel.dyn        0x1000947c        0x0
 .rel.iplt      0x1000947c        0x0 c:/rppico~1/armcc/102021~1.10/bin/../lib/gcc/arm-none-eabi/10.3.1/thumb/v6-m/nofp/crtbegin.o

.ARM.extab
 *(.ARM.extab* .gnu.linkonce.armextab.*)
                0x1000947c                __exidx_start = .

.ARM.exidx
 *(.ARM.exidx* .gnu.linkonce.armexidx.*)
                0x1000947c                __exidx_end = .
                0x1000947c                . = ALIGN (0x4)
                0x1000947c                __binary_info_start = .

.binary_info    0x1000947c       0x20
 *(.binary_info.keep.*)
 .binary_info.keep.__bi_ptr22
                0x1000947c        0x4 CMakeFiles/myblinkkey.dir/C_/RPPicoSDK/sdk/pico/pico-sdk/src/rp2_common/pico_standard_link/binary_info.c.obj
 .binary_info.keep.__bi_ptr30
                0x10009480        0x4 CMakeFiles/myblinkkey.dir/C_/RPPicoSDK/sdk/pico/pico-sdk/src/rp2_common/pico_standard_link/binary_info.c.obj
 .binary_info.keep.__bi_ptr38
                0x10009484        0x4 CMakeFiles/myblinkkey.dir/C_/RPPicoSDK/sdk/pico/pico-sdk/src/rp2_common/pico_standard_link/binary_info.c.obj
 .binary_info.keep.__bi_ptr44
                0x10009488        0x4 CMakeFiles/myblinkkey.dir/C_/RPPicoSDK/sdk/pico/pico-sdk/src/rp2_common/pico_standard_link/binary_info.c.obj
 .binary_info.keep.__bi_ptr50
                0x1000948c        0x4 CMakeFiles/myblinkkey.dir/C_/RPPicoSDK/sdk/pico/pico-sdk/src/rp2_common/pico_standard_link/binary_info.c.obj
 .binary_info.keep.__bi_ptr75
                0x10009490        0x4 CMakeFiles/myblinkkey.dir/C_/RPPicoSDK/sdk/pico/pico-sdk/src/rp2_common/pico_standard_link/binary_info.c.obj
 .binary_info.keep.__bi_ptr81
                0x10009494        0x4 CMakeFiles/myblinkkey.dir/C_/RPPicoSDK/sdk/pico/pico-sdk/src/rp2_common/pico_standard_link/binary_info.c.obj
 *(.binary_info.*)
 .binary_info.__bi_ptr93
                0x10009498        0x4 CMakeFiles/myblinkkey.dir/C_/RPPicoSDK/sdk/pico/pico-sdk/src/rp2_common/pico_stdio_usb/stdio_usb.c.obj
                0x1000949c                __binary_info_end = .
                0x1000949c                . = ALIGN (0x4)
                0x1000949c                __etext = .

.ram_vector_table
                0x20000000       0xc0
 *(.ram_vector_table)
 .ram_vector_table
                0x20000000       0xc0 CMakeFiles/myblinkkey.dir/C_/RPPicoSDK/sdk/pico/pico-sdk/src/rp2_common/pico_runtime/runtime.c.obj
                0x20000000                ram_vector_table

.data           0x200000c0      0x860 load address 0x1000949c
                0x200000c0                __data_start__ = .
 *(vtable)
 *(.time_critical*)
 .time_critical.mutex_enter_blocking
                0x200000c0       0x48 CMakeFiles/myblinkkey.dir/C_/RPPicoSDK/sdk/pico/pico-sdk/src/common/pico_sync/mutex.c.obj
                0x200000c0                mutex_enter_blocking
 .time_critical.mutex_try_enter
                0x20000108       0x44 CMakeFiles/myblinkkey.dir/C_/RPPicoSDK/sdk/pico/pico-sdk/src/common/pico_sync/mutex.c.obj
                0x20000108                mutex_try_enter
 .time_critical.mutex_enter_timeout_ms
                0x2000014c       0xa0 CMakeFiles/myblinkkey.dir/C_/RPPicoSDK/sdk/pico/pico-sdk/src/common/pico_sync/mutex.c.obj
                0x2000014c                mutex_enter_timeout_ms
 .time_critical.mutex_exit
                0x200001ec       0x28 CMakeFiles/myblinkkey.dir/C_/RPPicoSDK/sdk/pico/pico-sdk/src/common/pico_sync/mutex.c.obj
                0x200001ec                mutex_exit
 .time_critical.flash_init_boot2_copyout
                0x20000214       0x30 CMakeFiles/myblinkkey.dir/C_/RPPicoSDK/sdk/pico/pico-sdk/src/rp2_common/hardware_flash/flash.c.obj
 .time_critical.flash_enable_xip_via_boot2
                0x20000244       0x10 CMakeFiles/myblinkkey.dir/C_/RPPicoSDK/sdk/pico/pico-sdk/src/rp2_common/hardware_flash/flash.c.obj
 .time_critical.flash_cs_force
                0x20000254       0x38 CMakeFiles/myblinkkey.dir/C_/RPPicoSDK/sdk/pico/pico-sdk/src/rp2_common/hardware_flash/flash.c.obj
 .time_critical.flash_do_cmd
                0x2000028c       0xc4 CMakeFiles/myblinkkey.dir/C_/RPPicoSDK/sdk/pico/pico-sdk/src/rp2_common/hardware_flash/flash.c.obj
                0x2000028c                flash_do_cmd
 *(.text*)
 .text          0x20000350        0x4 c:/rppico~1/armcc/102021~1.10/bin/../lib/gcc/arm-none-eabi/10.3.1/thumb/v6-m/nofp\libgcc.a(_dvmd_tls.o)
                0x20000350                __aeabi_idiv0
                0x20000350                __aeabi_ldiv0
 *fill*         0x20000354        0x4 
 .text.__stub   0x20000358       0x30 linker stubs
                0x20000388                . = ALIGN (0x4)
 *(.rodata*)
                0x20000388                . = ALIGN (0x4)
 *(.data*)
 .data.Flagshow
                0x20000388        0x1 CMakeFiles/myblinkkey.dir/main.c.obj
                0x20000388                Flagshow
 *fill*         0x20000389        0x3 
 .data.collcd   0x2000038c        0x4 CMakeFiles/myblinkkey.dir/main.c.obj
                0x2000038c                collcd
 .data.cursorvirtual
                0x20000390        0x4 CMakeFiles/myblinkkey.dir/main.c.obj
                0x20000390                cursorvirtual
 .data.end      0x20000394        0x4 CMakeFiles/myblinkkey.dir/main.c.obj
 .data.key      0x20000398        0x1 CMakeFiles/myblinkkey.dir/main.c.obj
                0x20000398                key
 *fill*         0x20000399        0x3 
 .data.rowlcd   0x2000039c        0x4 CMakeFiles/myblinkkey.dir/main.c.obj
                0x2000039c                rowlcd
 .data.keys     0x200003a0       0x10 CMakeFiles/myblinkkey.dir/KeyMatrix.c.obj
                0x200003a0                keys
 .data.LCDpins  0x200003b0       0x1c CMakeFiles/myblinkkey.dir/lcd.c.obj
                0x200003b0                LCDpins
 .data.alarm    0x200003cc        0x8 CMakeFiles/myblinkkey.dir/rtc_datetime.c.obj
                0x200003cc                alarm
 .data.days     0x200003d4       0x15 CMakeFiles/myblinkkey.dir/rtc_datetime.c.obj
                0x200003d4                days
 *fill*         0x200003e9        0x3 
 .data.t        0x200003ec        0x8 CMakeFiles/myblinkkey.dir/rtc_datetime.c.obj
                0x200003ec                t
 .data.striped_spin_lock_num
                0x200003f4        0x1 CMakeFiles/myblinkkey.dir/C_/RPPicoSDK/sdk/pico/pico-sdk/src/rp2_common/hardware_sync/sync.c.obj
 *fill*         0x200003f5        0x3 
 .data.default_alarm_pool
                0x200003f8       0x18 CMakeFiles/myblinkkey.dir/C_/RPPicoSDK/sdk/pico/pico-sdk/src/common/pico_time/time.c.obj
 .data.default_alarm_pool_heap
                0x20000410       0x10 CMakeFiles/myblinkkey.dir/C_/RPPicoSDK/sdk/pico/pico-sdk/src/common/pico_time/time.c.obj
 .data          0x20000420       0x48 CMakeFiles/myblinkkey.dir/C_/RPPicoSDK/sdk/pico/pico-sdk/src/rp2_common/hardware_irq/irq_handler_chain.S.obj
                0x20000420                irq_handler_chain_slots
                0x20000450                irq_handler_chain_first_slot
                0x2000045a                irq_handler_chain_remove_tail
 *fill*         0x20000468        0x8 
 .data.aeabi_bits_funcs
                0x20000470       0x10 CMakeFiles/myblinkkey.dir/C_/RPPicoSDK/sdk/pico/pico-sdk/src/rp2_common/pico_bit_ops/bit_ops_aeabi.S.obj
                0x20000470                aeabi_bits_funcs
                0x20000480                aeabi_bits_funcs_end
 .data.aeabi_mem_funcs
                0x20000480       0x10 CMakeFiles/myblinkkey.dir/C_/RPPicoSDK/sdk/pico/pico-sdk/src/rp2_common/pico_mem_ops/mem_ops_aeabi.S.obj
                0x20000480                aeabi_mem_funcs
                0x20000490                aeabi_mem_funcs_end
 .data.stdio_usb
                0x20000490       0x14 CMakeFiles/myblinkkey.dir/C_/RPPicoSDK/sdk/pico/pico-sdk/src/rp2_common/pico_stdio_usb/stdio_usb.c.obj
                0x20000490                stdio_usb
 .data.ep_dir_string
                0x200004a4        0x8 CMakeFiles/myblinkkey.dir/C_/RPPicoSDK/sdk/pico/pico-sdk/lib/tinyusb/src/portable/raspberrypi/rp2040/rp2040_usb.c.obj
                0x200004a4                ep_dir_string
 .data._usbd_qdef
                0x200004ac       0x24 CMakeFiles/myblinkkey.dir/C_/RPPicoSDK/sdk/pico/pico-sdk/lib/tinyusb/src/device/usbd.c.obj
                0x200004ac                _usbd_qdef
 .data._impure_ptr
                0x200004d0        0x4 c:/rppico~1/armcc/102021~1.10/bin/../lib/gcc/arm-none-eabi/10.3.1/../../../../arm-none-eabi/lib/thumb/v6-m/nofp\libc.a(lib_a-impure.o)
                0x200004d0                _impure_ptr
 *fill*         0x200004d4        0x4 
 .data.impure_data
                0x200004d8      0x428 c:/rppico~1/armcc/102021~1.10/bin/../lib/gcc/arm-none-eabi/10.3.1/../../../../arm-none-eabi/lib/thumb/v6-m/nofp\libc.a(lib_a-impure.o)
                0x20000900                . = ALIGN (0x4)
 *(.after_data.*)
                0x20000900                . = ALIGN (0x4)
                0x20000900                PROVIDE (__mutex_array_start = .)
 *(SORT_BY_NAME(.mutex_array.*))
 *(.mutex_array)
 .mutex_array   0x20000900        0x8 CMakeFiles/myblinkkey.dir/C_/RPPicoSDK/sdk/pico/pico-sdk/src/rp2_common/pico_stdio/stdio.c.obj
                0x20000908                PROVIDE (__mutex_array_end = .)
                0x20000908                . = ALIGN (0x4)
                0x20000908                PROVIDE (__preinit_array_start = .)
 *(SORT_BY_NAME(.preinit_array.*))
 .preinit_array.00001
                0x20000908        0x4 CMakeFiles/myblinkkey.dir/C_/RPPicoSDK/sdk/pico/pico-sdk/src/rp2_common/pico_mem_ops/mem_ops_aeabi.S.obj
 .preinit_array.00010
                0x2000090c        0x4 CMakeFiles/myblinkkey.dir/C_/RPPicoSDK/sdk/pico/pico-sdk/src/rp2_common/pico_bit_ops/bit_ops_aeabi.S.obj
 .preinit_array.00020
                0x20000910        0x4 CMakeFiles/myblinkkey.dir/C_/RPPicoSDK/sdk/pico/pico-sdk/src/rp2_common/pico_double/double_aeabi.S.obj
 .preinit_array.00020
                0x20000914        0x4 CMakeFiles/myblinkkey.dir/C_/RPPicoSDK/sdk/pico/pico-sdk/src/rp2_common/pico_float/float_aeabi.S.obj
 *(.preinit_array)
                0x20000918                PROVIDE (__preinit_array_end = .)
                0x20000918                . = ALIGN (0x4)
                0x20000918                PROVIDE (__init_array_start = .)
 *(SORT_BY_NAME(.init_array.*))
 *(.init_array)
 .init_array    0x20000918        0x4 c:/rppico~1/armcc/102021~1.10/bin/../lib/gcc/arm-none-eabi/10.3.1/thumb/v6-m/nofp/crtbegin.o
 .init_array    0x2000091c        0x4 CMakeFiles/myblinkkey.dir/C_/RPPicoSDK/sdk/pico/pico-sdk/src/rp2_common/pico_unique_id/unique_id.c.obj
                0x20000920                PROVIDE (__init_array_end = .)
                0x20000920                . = ALIGN (0x4)
                [!provide]                PROVIDE (__fini_array_start = .)
 *(SORT_BY_NAME(.fini_array.*))
 *(.fini_array)
                [!provide]                PROVIDE (__fini_array_end = .)
 *(.jcr)
                0x20000920                . = ALIGN (0x4)
                0x20000920                __data_end__ = .

.igot.plt       0x20000920        0x0 load address 0x10009cfc
 .igot.plt      0x20000920        0x0 c:/rppico~1/armcc/102021~1.10/bin/../lib/gcc/arm-none-eabi/10.3.1/thumb/v6-m/nofp/crtbegin.o

.uninitialized_data
                0x20000920        0x0 load address 0x10009cfc
                0x20000920                . = ALIGN (0x4)
 *(.uninitialized_data*)

.scratch_x      0x20040000        0x0 load address 0x10009cfc
                0x20040000                __scratch_x_start__ = .
 *(.scratch_x.*)
                0x20040000                . = ALIGN (0x4)
                0x20040000                __scratch_x_end__ = .
                0x10009cfc                __scratch_x_source__ = LOADADDR (.scratch_x)

.scratch_y      0x20041000        0x0 load address 0x10009cfc
                0x20041000                __scratch_y_start__ = .
 *(.scratch_y.*)
                0x20041000                . = ALIGN (0x4)
                0x20041000                __scratch_y_end__ = .
                0x10009cfc                __scratch_y_source__ = LOADADDR (.scratch_y)

.bss            0x20000920      0xe18
                0x20000920                . = ALIGN (0x4)
                0x20000920                __bss_start__ = .
 *(SORT_BY_ALIGNMENT(SORT_BY_NAME(.bss*)))
 .bss.default_alarm_pool_entries
                0x20000920      0x100 CMakeFiles/myblinkkey.dir/C_/RPPicoSDK/sdk/pico/pico-sdk/src/common/pico_time/time.c.obj
 .bss.last_avail_time.1
                0x20000a20        0x8 CMakeFiles/myblinkkey.dir/C_/RPPicoSDK/sdk/pico/pico-sdk/src/rp2_common/pico_stdio_usb/stdio_usb.c.obj
 .bss.sd_table  0x20000a28      0x100 CMakeFiles/myblinkkey.dir/C_/RPPicoSDK/sdk/pico/pico-sdk/src/rp2_common/pico_double/double_init_rom.c.obj
                0x20000a28                sd_table
 .bss.sf_table  0x20000b28      0x100 CMakeFiles/myblinkkey.dir/C_/RPPicoSDK/sdk/pico/pico-sdk/src/rp2_common/pico_float/float_init_rom.c.obj
                0x20000b28                sf_table
 .bss.timer     0x20000c28       0x18 CMakeFiles/myblinkkey.dir/timer.c.obj
                0x20000c28                timer
 .bss           0x20000c40       0x1c c:/rppico~1/armcc/102021~1.10/bin/../lib/gcc/arm-none-eabi/10.3.1/thumb/v6-m/nofp/crtbegin.o
 .bss._app_driver
                0x20000c5c        0x4 CMakeFiles/myblinkkey.dir/C_/RPPicoSDK/sdk/pico/pico-sdk/lib/tinyusb/src/device/usbd.c.obj
 .bss._callback
                0x20000c60        0x4 CMakeFiles/myblinkkey.dir/C_/RPPicoSDK/sdk/pico/pico-sdk/src/rp2_common/hardware_rtc/rtc.c.obj
 .bss._callbacks
                0x20000c64        0x8 CMakeFiles/myblinkkey.dir/C_/RPPicoSDK/sdk/pico/pico-sdk/src/rp2_common/hardware_gpio/gpio.c.obj
 .bss._cdcd_itf
                0x20000c6c      0x2d8 CMakeFiles/myblinkkey.dir/C_/RPPicoSDK/sdk/pico/pico-sdk/lib/tinyusb/src/class/cdc/cdc_device.c.obj
 .bss._ctrl_xfer
                0x20000f44       0x14 CMakeFiles/myblinkkey.dir/C_/RPPicoSDK/sdk/pico/pico-sdk/lib/tinyusb/src/device/usbd_control.c.obj
 .bss._ubsd_mutexdef
                0x20000f58        0x8 CMakeFiles/myblinkkey.dir/C_/RPPicoSDK/sdk/pico/pico-sdk/lib/tinyusb/src/device/usbd.c.obj
 .bss._usbd_ctrl_buf
                0x20000f60       0x40 CMakeFiles/myblinkkey.dir/C_/RPPicoSDK/sdk/pico/pico-sdk/lib/tinyusb/src/device/usbd_control.c.obj
 .bss._usbd_dev
                0x20000fa0       0x53 CMakeFiles/myblinkkey.dir/C_/RPPicoSDK/sdk/pico/pico-sdk/lib/tinyusb/src/device/usbd.c.obj
 *fill*         0x20000ff3        0x1 
 .bss._usbd_mutex
                0x20000ff4        0x4 CMakeFiles/myblinkkey.dir/C_/RPPicoSDK/sdk/pico/pico-sdk/lib/tinyusb/src/device/usbd.c.obj
 .bss._usbd_q   0x20000ff8        0x4 CMakeFiles/myblinkkey.dir/C_/RPPicoSDK/sdk/pico/pico-sdk/lib/tinyusb/src/device/usbd.c.obj
 .bss._usbd_qdef_buf
                0x20000ffc       0xc0 CMakeFiles/myblinkkey.dir/C_/RPPicoSDK/sdk/pico/pico-sdk/lib/tinyusb/src/device/usbd.c.obj
                0x20000ffc                _usbd_qdef_buf
 .bss.alarm_callbacks
                0x200010bc       0x10 CMakeFiles/myblinkkey.dir/C_/RPPicoSDK/sdk/pico/pico-sdk/src/rp2_common/hardware_timer/timer.c.obj
 .bss.boot2_copyout
                0x200010cc      0x100 CMakeFiles/myblinkkey.dir/C_/RPPicoSDK/sdk/pico/pico-sdk/src/rp2_common/hardware_flash/flash.c.obj
 .bss.buffer    0x200011cc       0x11 CMakeFiles/myblinkkey.dir/main.c.obj
                0x200011cc                buffer
 *fill*         0x200011dd        0x3 
 .bss.buffer_alarm
                0x200011e0       0x11 CMakeFiles/myblinkkey.dir/main.c.obj
                0x200011e0                buffer_alarm
 *fill*         0x200011f1        0x3 
 .bss.claimed   0x200011f4        0x4 CMakeFiles/myblinkkey.dir/C_/RPPicoSDK/sdk/pico/pico-sdk/src/rp2_common/hardware_sync/sync.c.obj
 .bss.configured_freq
                0x200011f8       0x28 CMakeFiles/myblinkkey.dir/C_/RPPicoSDK/sdk/pico/pico-sdk/src/rp2_common/hardware_clocks/clocks.c.obj
 .bss.contAlarm
                0x20001220        0x4 CMakeFiles/myblinkkey.dir/main.c.obj
                0x20001220                contAlarm
 .bss.datetime_str
                0x20001224       0x15 CMakeFiles/myblinkkey.dir/rtc_datetime.c.obj
                0x20001224                datetime_str
 *fill*         0x20001239        0x3 
 .bss.datetime_strAlarm
                0x2000123c       0x15 CMakeFiles/myblinkkey.dir/rtc_datetime.c.obj
                0x2000123c                datetime_strAlarm
 *fill*         0x20001251        0x3 
 .bss.default_alarm_pool_entry_ids_high
                0x20001254       0x10 CMakeFiles/myblinkkey.dir/C_/RPPicoSDK/sdk/pico/pico-sdk/src/common/pico_time/time.c.obj
 .bss.default_alarm_pool_heap_nodes
                0x20001264       0x30 CMakeFiles/myblinkkey.dir/C_/RPPicoSDK/sdk/pico/pico-sdk/src/common/pico_time/time.c.obj
 .bss.desc_str.0
                0x20001294       0x28 CMakeFiles/myblinkkey.dir/C_/RPPicoSDK/sdk/pico/pico-sdk/src/rp2_common/pico_stdio_usb/stdio_usb_descriptors.c.obj
 .bss.drivers   0x200012bc        0x4 CMakeFiles/myblinkkey.dir/C_/RPPicoSDK/sdk/pico/pico-sdk/src/rp2_common/pico_stdio/stdio.c.obj
 .bss.filter    0x200012c0        0x4 CMakeFiles/myblinkkey.dir/C_/RPPicoSDK/sdk/pico/pico-sdk/src/rp2_common/pico_stdio/stdio.c.obj
 .bss.gpioRead  0x200012c4        0x4 CMakeFiles/myblinkkey.dir/KeyMatrix.c.obj
                0x200012c4                gpioRead
 .bss.hw_endpoints
                0x200012c8      0x400 CMakeFiles/myblinkkey.dir/C_/RPPicoSDK/sdk/pico/pico-sdk/lib/tinyusb/src/portable/raspberrypi/rp2040/dcd_rp2040.c.obj
 .bss.lazy_vsnprintf
                0x200016c8        0x4 CMakeFiles/myblinkkey.dir/C_/RPPicoSDK/sdk/pico/pico-sdk/src/rp2_common/pico_printf/printf.c.obj
 .bss.load_value
                0x200016cc        0x4 CMakeFiles/myblinkkey.dir/C_/RPPicoSDK/sdk/pico/pico-sdk/src/rp2_common/hardware_watchdog/watchdog.c.obj
 .bss.next_buffer_ptr
                0x200016d0        0x4 CMakeFiles/myblinkkey.dir/C_/RPPicoSDK/sdk/pico/pico-sdk/lib/tinyusb/src/portable/raspberrypi/rp2040/dcd_rp2040.c.obj
 .bss.pools     0x200016d4       0x10 CMakeFiles/myblinkkey.dir/C_/RPPicoSDK/sdk/pico/pico-sdk/src/common/pico_time/time.c.obj
 .bss.retrieved_id
                0x200016e4        0x8 CMakeFiles/myblinkkey.dir/C_/RPPicoSDK/sdk/pico/pico-sdk/src/rp2_common/pico_unique_id/unique_id.c.obj
 .bss.sf_clz_func
                0x200016ec        0x4 CMakeFiles/myblinkkey.dir/C_/RPPicoSDK/sdk/pico/pico-sdk/src/rp2_common/pico_double/double_init_rom.c.obj
                0x200016ec                sf_clz_func
 .bss.sleep_notifier
                0x200016f0        0x4 CMakeFiles/myblinkkey.dir/C_/RPPicoSDK/sdk/pico/pico-sdk/src/common/pico_time/time.c.obj
 .bss.start     0x200016f4        0x4 CMakeFiles/myblinkkey.dir/main.c.obj
                0x200016f4                start
 .bss.stdio_usb_mutex
                0x200016f8        0x8 CMakeFiles/myblinkkey.dir/C_/RPPicoSDK/sdk/pico/pico-sdk/src/rp2_common/pico_stdio_usb/stdio_usb.c.obj
 .bss.string    0x20001700        0x5 CMakeFiles/myblinkkey.dir/rtc_datetime.c.obj
                0x20001700                string
 *fill*         0x20001705        0x3 
 .bss.target_hi
                0x20001708       0x10 CMakeFiles/myblinkkey.dir/C_/RPPicoSDK/sdk/pico/pico-sdk/src/rp2_common/hardware_timer/timer.c.obj
 .bss.usbd_serial_str
                0x20001718       0x11 CMakeFiles/myblinkkey.dir/C_/RPPicoSDK/sdk/pico/pico-sdk/src/rp2_common/pico_stdio_usb/stdio_usb_descriptors.c.obj
 .bss.FlagAlarm
                0x20001729        0x1 CMakeFiles/myblinkkey.dir/rtc_datetime.c.obj
                0x20001729                FlagAlarm
 .bss.ProcesarTecla
                0x2000172a        0x1 CMakeFiles/myblinkkey.dir/KeyMatrix.c.obj
                0x2000172a                ProcesarTecla
 .bss._alarm_repeats
                0x2000172b        0x1 CMakeFiles/myblinkkey.dir/C_/RPPicoSDK/sdk/pico/pico-sdk/src/rp2_common/hardware_rtc/rtc.c.obj
 .bss._app_driver_count
                0x2000172c        0x1 CMakeFiles/myblinkkey.dir/C_/RPPicoSDK/sdk/pico/pico-sdk/lib/tinyusb/src/device/usbd.c.obj
 .bss._usbd_initialized
                0x2000172d        0x1 CMakeFiles/myblinkkey.dir/C_/RPPicoSDK/sdk/pico/pico-sdk/lib/tinyusb/src/device/usbd.c.obj
 .bss.boot2_copyout_valid
                0x2000172e        0x1 CMakeFiles/myblinkkey.dir/C_/RPPicoSDK/sdk/pico/pico-sdk/src/rp2_common/hardware_flash/flash.c.obj
 .bss.claimed   0x2000172f        0x1 CMakeFiles/myblinkkey.dir/C_/RPPicoSDK/sdk/pico/pico-sdk/src/rp2_common/hardware_timer/timer.c.obj
 .bss.cnt_ProcessKey
                0x20001730        0x1 CMakeFiles/myblinkkey.dir/KeyMatrix.c.obj
                0x20001730                cnt_ProcessKey
 .bss.gpio_req  0x20001731        0x1 CMakeFiles/myblinkkey.dir/KeyMatrix.c.obj
                0x20001731                gpio_req
 .bss.iCol      0x20001732        0x1 CMakeFiles/myblinkkey.dir/KeyMatrix.c.obj
                0x20001732                iCol
 .bss.iRow      0x20001733        0x1 CMakeFiles/myblinkkey.dir/KeyMatrix.c.obj
                0x20001733                iRow
 .bss.irq_hander_chain_free_slot_head
                0x20001734        0x1 CMakeFiles/myblinkkey.dir/C_/RPPicoSDK/sdk/pico/pico-sdk/src/rp2_common/hardware_irq/irq.c.obj
 .bss.itf_num   0x20001735        0x1 CMakeFiles/myblinkkey.dir/C_/RPPicoSDK/sdk/pico/pico-sdk/src/rp2_common/pico_stdio_usb/reset_interface.c.obj
 .bss.timer_callbacks_pending
                0x20001736        0x1 CMakeFiles/myblinkkey.dir/C_/RPPicoSDK/sdk/pico/pico-sdk/src/rp2_common/hardware_timer/timer.c.obj
 .bss.timer_req
                0x20001737        0x1 CMakeFiles/myblinkkey.dir/timer.c.obj
                0x20001737                timer_req
 *(COMMON)
                0x20001738                . = ALIGN (0x4)
                0x20001738                __bss_end__ = .

.heap           0x20001738      0x800
                0x20001738                __end__ = .
                0x20001738                end = __end__
 *(.heap*)
 .heap          0x20001738      0x800 CMakeFiles/myblinkkey.dir/C_/RPPicoSDK/sdk/pico/pico-sdk/src/rp2_common/pico_standard_link/crt0.S.obj
                0x20001f38                __HeapLimit = .

.stack1_dummy   0x20040000        0x0
 *(.stack1*)

.stack_dummy    0x20041000      0x800
 *(.stack*)
 .stack         0x20041000      0x800 CMakeFiles/myblinkkey.dir/C_/RPPicoSDK/sdk/pico/pico-sdk/src/rp2_common/pico_standard_link/crt0.S.obj

.flash_end      0x10009cfc        0x0
                0x10009cfc                __flash_binary_end = .
                0x20040000                __StackLimit = (ORIGIN (RAM) + LENGTH (RAM))
                0x20041000                __StackOneTop = (ORIGIN (SCRATCH_X) + LENGTH (SCRATCH_X))
                0x20042000                __StackTop = (ORIGIN (SCRATCH_Y) + LENGTH (SCRATCH_Y))
                0x20041000                __StackOneBottom = (__StackOneTop - SIZEOF (.stack1_dummy))
                0x20041800                __StackBottom = (__StackTop - SIZEOF (.stack_dummy))
                0x20042000                PROVIDE (__stack = __StackTop)
                0x00000001                ASSERT ((__StackLimit >= __HeapLimit), region RAM overflowed)
                0x00000001                ASSERT (((__binary_info_header_end - __logical_binary_start) <= 0x100), Binary info must be in first 256 bytes of the binary)
LOAD CMakeFiles/myblinkkey.dir/main.c.obj
LOAD CMakeFiles/myblinkkey.dir/KeyMatrix.c.obj
LOAD CMakeFiles/myblinkkey.dir/timer.c.obj
LOAD CMakeFiles/myblinkkey.dir/lcd.c.obj
LOAD CMakeFiles/myblinkkey.dir/rtc_datetime.c.obj
LOAD CMakeFiles/myblinkkey.dir/C_/RPPicoSDK/sdk/pico/pico-sdk/src/rp2_common/pico_stdlib/stdlib.c.obj
LOAD CMakeFiles/myblinkkey.dir/C_/RPPicoSDK/sdk/pico/pico-sdk/src/rp2_common/hardware_gpio/gpio.c.obj
LOAD CMakeFiles/myblinkkey.dir/C_/RPPicoSDK/sdk/pico/pico-sdk/src/rp2_common/hardware_claim/claim.c.obj
LOAD CMakeFiles/myblinkkey.dir/C_/RPPicoSDK/sdk/pico/pico-sdk/src/rp2_common/pico_platform/platform.c.obj
LOAD CMakeFiles/myblinkkey.dir/C_/RPPicoSDK/sdk/pico/pico-sdk/src/rp2_common/hardware_sync/sync.c.obj
LOAD CMakeFiles/myblinkkey.dir/C_/RPPicoSDK/sdk/pico/pico-sdk/src/rp2_common/hardware_uart/uart.c.obj
LOAD CMakeFiles/myblinkkey.dir/C_/RPPicoSDK/sdk/pico/pico-sdk/src/rp2_common/hardware_divider/divider.S.obj
LOAD CMakeFiles/myblinkkey.dir/C_/RPPicoSDK/sdk/pico/pico-sdk/src/common/pico_time/time.c.obj
LOAD CMakeFiles/myblinkkey.dir/C_/RPPicoSDK/sdk/pico/pico-sdk/src/common/pico_time/timeout_helper.c.obj
LOAD CMakeFiles/myblinkkey.dir/C_/RPPicoSDK/sdk/pico/pico-sdk/src/rp2_common/hardware_timer/timer.c.obj
LOAD CMakeFiles/myblinkkey.dir/C_/RPPicoSDK/sdk/pico/pico-sdk/src/common/pico_sync/sem.c.obj
LOAD CMakeFiles/myblinkkey.dir/C_/RPPicoSDK/sdk/pico/pico-sdk/src/common/pico_sync/lock_core.c.obj
LOAD CMakeFiles/myblinkkey.dir/C_/RPPicoSDK/sdk/pico/pico-sdk/src/common/pico_sync/mutex.c.obj
LOAD CMakeFiles/myblinkkey.dir/C_/RPPicoSDK/sdk/pico/pico-sdk/src/common/pico_sync/critical_section.c.obj
LOAD CMakeFiles/myblinkkey.dir/C_/RPPicoSDK/sdk/pico/pico-sdk/src/common/pico_util/datetime.c.obj
LOAD CMakeFiles/myblinkkey.dir/C_/RPPicoSDK/sdk/pico/pico-sdk/src/common/pico_util/pheap.c.obj
LOAD CMakeFiles/myblinkkey.dir/C_/RPPicoSDK/sdk/pico/pico-sdk/src/common/pico_util/queue.c.obj
LOAD CMakeFiles/myblinkkey.dir/C_/RPPicoSDK/sdk/pico/pico-sdk/src/rp2_common/pico_runtime/runtime.c.obj
LOAD CMakeFiles/myblinkkey.dir/C_/RPPicoSDK/sdk/pico/pico-sdk/src/rp2_common/hardware_clocks/clocks.c.obj
LOAD CMakeFiles/myblinkkey.dir/C_/RPPicoSDK/sdk/pico/pico-sdk/src/rp2_common/hardware_irq/irq.c.obj
LOAD CMakeFiles/myblinkkey.dir/C_/RPPicoSDK/sdk/pico/pico-sdk/src/rp2_common/hardware_irq/irq_handler_chain.S.obj
LOAD CMakeFiles/myblinkkey.dir/C_/RPPicoSDK/sdk/pico/pico-sdk/src/rp2_common/hardware_pll/pll.c.obj
LOAD CMakeFiles/myblinkkey.dir/C_/RPPicoSDK/sdk/pico/pico-sdk/src/rp2_common/hardware_vreg/vreg.c.obj
LOAD CMakeFiles/myblinkkey.dir/C_/RPPicoSDK/sdk/pico/pico-sdk/src/rp2_common/hardware_watchdog/watchdog.c.obj
LOAD CMakeFiles/myblinkkey.dir/C_/RPPicoSDK/sdk/pico/pico-sdk/src/rp2_common/hardware_xosc/xosc.c.obj
LOAD CMakeFiles/myblinkkey.dir/C_/RPPicoSDK/sdk/pico/pico-sdk/src/rp2_common/pico_printf/printf.c.obj
LOAD CMakeFiles/myblinkkey.dir/C_/RPPicoSDK/sdk/pico/pico-sdk/src/rp2_common/pico_bit_ops/bit_ops_aeabi.S.obj
LOAD CMakeFiles/myblinkkey.dir/C_/RPPicoSDK/sdk/pico/pico-sdk/src/rp2_common/pico_bootrom/bootrom.c.obj
LOAD CMakeFiles/myblinkkey.dir/C_/RPPicoSDK/sdk/pico/pico-sdk/src/rp2_common/pico_divider/divider.S.obj
LOAD CMakeFiles/myblinkkey.dir/C_/RPPicoSDK/sdk/pico/pico-sdk/src/rp2_common/pico_double/double_aeabi.S.obj
LOAD CMakeFiles/myblinkkey.dir/C_/RPPicoSDK/sdk/pico/pico-sdk/src/rp2_common/pico_double/double_init_rom.c.obj
LOAD CMakeFiles/myblinkkey.dir/C_/RPPicoSDK/sdk/pico/pico-sdk/src/rp2_common/pico_double/double_math.c.obj
LOAD CMakeFiles/myblinkkey.dir/C_/RPPicoSDK/sdk/pico/pico-sdk/src/rp2_common/pico_double/double_v1_rom_shim.S.obj
LOAD CMakeFiles/myblinkkey.dir/C_/RPPicoSDK/sdk/pico/pico-sdk/src/rp2_common/pico_int64_ops/pico_int64_ops_aeabi.S.obj
LOAD CMakeFiles/myblinkkey.dir/C_/RPPicoSDK/sdk/pico/pico-sdk/src/rp2_common/pico_float/float_aeabi.S.obj
LOAD CMakeFiles/myblinkkey.dir/C_/RPPicoSDK/sdk/pico/pico-sdk/src/rp2_common/pico_float/float_init_rom.c.obj
LOAD CMakeFiles/myblinkkey.dir/C_/RPPicoSDK/sdk/pico/pico-sdk/src/rp2_common/pico_float/float_math.c.obj
LOAD CMakeFiles/myblinkkey.dir/C_/RPPicoSDK/sdk/pico/pico-sdk/src/rp2_common/pico_float/float_v1_rom_shim.S.obj
LOAD CMakeFiles/myblinkkey.dir/C_/RPPicoSDK/sdk/pico/pico-sdk/src/rp2_common/pico_malloc/pico_malloc.c.obj
LOAD CMakeFiles/myblinkkey.dir/C_/RPPicoSDK/sdk/pico/pico-sdk/src/rp2_common/pico_mem_ops/mem_ops_aeabi.S.obj
LOAD CMakeFiles/myblinkkey.dir/C_/RPPicoSDK/sdk/pico/pico-sdk/src/rp2_common/pico_standard_link/crt0.S.obj
LOAD CMakeFiles/myblinkkey.dir/C_/RPPicoSDK/sdk/pico/pico-sdk/src/rp2_common/pico_standard_link/new_delete.cpp.obj
LOAD CMakeFiles/myblinkkey.dir/C_/RPPicoSDK/sdk/pico/pico-sdk/src/rp2_common/pico_standard_link/binary_info.c.obj
LOAD CMakeFiles/myblinkkey.dir/C_/RPPicoSDK/sdk/pico/pico-sdk/src/rp2_common/pico_stdio/stdio.c.obj
LOAD CMakeFiles/myblinkkey.dir/C_/RPPicoSDK/sdk/pico/pico-sdk/src/rp2_common/pico_stdio_usb/reset_interface.c.obj
LOAD CMakeFiles/myblinkkey.dir/C_/RPPicoSDK/sdk/pico/pico-sdk/src/rp2_common/pico_stdio_usb/stdio_usb.c.obj
LOAD CMakeFiles/myblinkkey.dir/C_/RPPicoSDK/sdk/pico/pico-sdk/src/rp2_common/pico_stdio_usb/stdio_usb_descriptors.c.obj
LOAD CMakeFiles/myblinkkey.dir/C_/RPPicoSDK/sdk/pico/pico-sdk/lib/tinyusb/src/portable/raspberrypi/rp2040/dcd_rp2040.c.obj
LOAD CMakeFiles/myblinkkey.dir/C_/RPPicoSDK/sdk/pico/pico-sdk/lib/tinyusb/src/portable/raspberrypi/rp2040/rp2040_usb.c.obj
LOAD CMakeFiles/myblinkkey.dir/C_/RPPicoSDK/sdk/pico/pico-sdk/lib/tinyusb/src/device/usbd.c.obj
LOAD CMakeFiles/myblinkkey.dir/C_/RPPicoSDK/sdk/pico/pico-sdk/lib/tinyusb/src/device/usbd_control.c.obj
LOAD CMakeFiles/myblinkkey.dir/C_/RPPicoSDK/sdk/pico/pico-sdk/lib/tinyusb/src/class/audio/audio_device.c.obj
LOAD CMakeFiles/myblinkkey.dir/C_/RPPicoSDK/sdk/pico/pico-sdk/lib/tinyusb/src/class/cdc/cdc_device.c.obj
LOAD CMakeFiles/myblinkkey.dir/C_/RPPicoSDK/sdk/pico/pico-sdk/lib/tinyusb/src/class/dfu/dfu_device.c.obj
LOAD CMakeFiles/myblinkkey.dir/C_/RPPicoSDK/sdk/pico/pico-sdk/lib/tinyusb/src/class/dfu/dfu_rt_device.c.obj
LOAD CMakeFiles/myblinkkey.dir/C_/RPPicoSDK/sdk/pico/pico-sdk/lib/tinyusb/src/class/hid/hid_device.c.obj
LOAD CMakeFiles/myblinkkey.dir/C_/RPPicoSDK/sdk/pico/pico-sdk/lib/tinyusb/src/class/midi/midi_device.c.obj
LOAD CMakeFiles/myblinkkey.dir/C_/RPPicoSDK/sdk/pico/pico-sdk/lib/tinyusb/src/class/msc/msc_device.c.obj
LOAD CMakeFiles/myblinkkey.dir/C_/RPPicoSDK/sdk/pico/pico-sdk/lib/tinyusb/src/class/net/ecm_rndis_device.c.obj
LOAD CMakeFiles/myblinkkey.dir/C_/RPPicoSDK/sdk/pico/pico-sdk/lib/tinyusb/src/class/net/ncm_device.c.obj
LOAD CMakeFiles/myblinkkey.dir/C_/RPPicoSDK/sdk/pico/pico-sdk/lib/tinyusb/src/class/usbtmc/usbtmc_device.c.obj
LOAD CMakeFiles/myblinkkey.dir/C_/RPPicoSDK/sdk/pico/pico-sdk/lib/tinyusb/src/class/vendor/vendor_device.c.obj
LOAD CMakeFiles/myblinkkey.dir/C_/RPPicoSDK/sdk/pico/pico-sdk/lib/tinyusb/src/class/video/video_device.c.obj
LOAD CMakeFiles/myblinkkey.dir/C_/RPPicoSDK/sdk/pico/pico-sdk/lib/tinyusb/src/tusb.c.obj
LOAD CMakeFiles/myblinkkey.dir/C_/RPPicoSDK/sdk/pico/pico-sdk/lib/tinyusb/src/common/tusb_fifo.c.obj
LOAD CMakeFiles/myblinkkey.dir/C_/RPPicoSDK/sdk/pico/pico-sdk/src/rp2_common/pico_fix/rp2040_usb_device_enumeration/rp2040_usb_device_enumeration.c.obj
LOAD CMakeFiles/myblinkkey.dir/C_/RPPicoSDK/sdk/pico/pico-sdk/src/rp2_common/pico_unique_id/unique_id.c.obj
LOAD CMakeFiles/myblinkkey.dir/C_/RPPicoSDK/sdk/pico/pico-sdk/src/rp2_common/hardware_flash/flash.c.obj
LOAD CMakeFiles/myblinkkey.dir/C_/RPPicoSDK/sdk/pico/pico-sdk/src/rp2_common/hardware_adc/adc.c.obj
LOAD CMakeFiles/myblinkkey.dir/C_/RPPicoSDK/sdk/pico/pico-sdk/src/rp2_common/hardware_rtc/rtc.c.obj
LOAD C:\Users\Maycol\AppData\Local\Temp\ccQlvEHI.o
LOAD c:/rppico~1/armcc/102021~1.10/bin/../lib/gcc/arm-none-eabi/10.3.1/../../../../arm-none-eabi/lib/thumb/v6-m/nofp\libstdc++.a
LOAD c:/rppico~1/armcc/102021~1.10/bin/../lib/gcc/arm-none-eabi/10.3.1/../../../../arm-none-eabi/lib/thumb/v6-m/nofp\libm.a
START GROUP
LOAD c:/rppico~1/armcc/102021~1.10/bin/../lib/gcc/arm-none-eabi/10.3.1/thumb/v6-m/nofp\libgcc.a
LOAD c:/rppico~1/armcc/102021~1.10/bin/../lib/gcc/arm-none-eabi/10.3.1/../../../../arm-none-eabi/lib/thumb/v6-m/nofp\libc.a
END GROUP
START GROUP
LOAD c:/rppico~1/armcc/102021~1.10/bin/../lib/gcc/arm-none-eabi/10.3.1/thumb/v6-m/nofp\libgcc.a
LOAD c:/rppico~1/armcc/102021~1.10/bin/../lib/gcc/arm-none-eabi/10.3.1/../../../../arm-none-eabi/lib/thumb/v6-m/nofp\libc.a
LOAD c:/rppico~1/armcc/102021~1.10/bin/../lib/gcc/arm-none-eabi/10.3.1/../../../../arm-none-eabi/lib/thumb/v6-m/nofp\libnosys.a
END GROUP
LOAD c:/rppico~1/armcc/102021~1.10/bin/../lib/gcc/arm-none-eabi/10.3.1/thumb/v6-m/nofp/crtend.o
LOAD c:/rppico~1/armcc/102021~1.10/bin/../lib/gcc/arm-none-eabi/10.3.1/thumb/v6-m/nofp/crtn.o
OUTPUT(myblinkkey.elf elf32-littlearm)
LOAD linker stubs

.ARM.attributes
                0x00000000       0x28
 .ARM.attributes
                0x00000000       0x1e c:/rppico~1/armcc/102021~1.10/bin/../lib/gcc/arm-none-eabi/10.3.1/thumb/v6-m/nofp/crti.o
 .ARM.attributes
                0x0000001e       0x2c c:/rppico~1/armcc/102021~1.10/bin/../lib/gcc/arm-none-eabi/10.3.1/thumb/v6-m/nofp/crtbegin.o
 .ARM.attributes
                0x0000004a       0x2c CMakeFiles/myblinkkey.dir/main.c.obj
 .ARM.attributes
                0x00000076       0x2c CMakeFiles/myblinkkey.dir/KeyMatrix.c.obj
 .ARM.attributes
                0x000000a2       0x2c CMakeFiles/myblinkkey.dir/timer.c.obj
 .ARM.attributes
                0x000000ce       0x2c CMakeFiles/myblinkkey.dir/lcd.c.obj
 .ARM.attributes
                0x000000fa       0x2c CMakeFiles/myblinkkey.dir/rtc_datetime.c.obj